Component: Arm Compiler for Embedded 6.18 Tool: armlink [5e4cc100]

==============================================================================

Section Cross References

    startup_stm32f405xx.o(STACK) refers (Special) to heapauxi.o(.text) for __use_two_region_memory
    startup_stm32f405xx.o(HEAP) refers (Special) to heapauxi.o(.text) for __use_two_region_memory
    startup_stm32f405xx.o(RESET) refers (Special) to heapauxi.o(.text) for __use_two_region_memory
    startup_stm32f405xx.o(RESET) refers to startup_stm32f405xx.o(STACK) for __initial_sp
    startup_stm32f405xx.o(RESET) refers to startup_stm32f405xx.o(.text) for Reset_Handler
    startup_stm32f405xx.o(RESET) refers to stm32f4xx_it.o(.text.NMI_Handler) for NMI_Handler
    startup_stm32f405xx.o(RESET) refers to stm32f4xx_it.o(.text.HardFault_Handler) for HardFault_Handler
    startup_stm32f405xx.o(RESET) refers to stm32f4xx_it.o(.text.MemManage_Handler) for MemManage_Handler
    startup_stm32f405xx.o(RESET) refers to stm32f4xx_it.o(.text.BusFault_Handler) for BusFault_Handler
    startup_stm32f405xx.o(RESET) refers to stm32f4xx_it.o(.text.UsageFault_Handler) for UsageFault_Handler
    startup_stm32f405xx.o(RESET) refers to port.o(.text.SVC_Handler) for SVC_Handler
    startup_stm32f405xx.o(RESET) refers to stm32f4xx_it.o(.text.DebugMon_Handler) for DebugMon_Handler
    startup_stm32f405xx.o(RESET) refers to port.o(.text.PendSV_Handler) for PendSV_Handler
    startup_stm32f405xx.o(RESET) refers to cmsis_os2.o(.text.SysTick_Handler) for SysTick_Handler
    startup_stm32f405xx.o(RESET) refers to stm32f4xx_it.o(.text.CAN1_RX0_IRQHandler) for CAN1_RX0_IRQHandler
    startup_stm32f405xx.o(RESET) refers to stm32f4xx_it.o(.text.CAN1_RX1_IRQHandler) for CAN1_RX1_IRQHandler
    startup_stm32f405xx.o(RESET) refers to stm32f4xx_it.o(.text.TIM1_UP_TIM10_IRQHandler) for TIM1_UP_TIM10_IRQHandler
    startup_stm32f405xx.o(RESET) refers to stm32f4xx_it.o(.text.TIM3_IRQHandler) for TIM3_IRQHandler
    startup_stm32f405xx.o(RESET) refers to stm32f4xx_it.o(.text.USART1_IRQHandler) for USART1_IRQHandler
    startup_stm32f405xx.o(RESET) refers to stm32f4xx_it.o(.text.EXTI15_10_IRQHandler) for EXTI15_10_IRQHandler
    startup_stm32f405xx.o(RESET) refers to stm32f4xx_it.o(.text.DMA2_Stream2_IRQHandler) for DMA2_Stream2_IRQHandler
    startup_stm32f405xx.o(RESET) refers to stm32f4xx_it.o(.text.CAN2_RX0_IRQHandler) for CAN2_RX0_IRQHandler
    startup_stm32f405xx.o(RESET) refers to stm32f4xx_it.o(.text.CAN2_RX1_IRQHandler) for CAN2_RX1_IRQHandler
    startup_stm32f405xx.o(RESET) refers to stm32f4xx_it.o(.text.DMA2_Stream7_IRQHandler) for DMA2_Stream7_IRQHandler
    startup_stm32f405xx.o(.text) refers (Special) to heapauxi.o(.text) for __use_two_region_memory
    startup_stm32f405xx.o(.text) refers to system_stm32f4xx.o(.text.SystemInit) for SystemInit
    startup_stm32f405xx.o(.text) refers to __main.o(!!!main) for __main
    startup_stm32f405xx.o(.text) refers to startup_stm32f405xx.o(HEAP) for Heap_Mem
    startup_stm32f405xx.o(.text) refers to startup_stm32f405xx.o(STACK) for Stack_Mem
    main.o(.text.main) refers to stm32f4xx_hal.o(.text.HAL_Init) for HAL_Init
    main.o(.text.main) refers to main.o(.text.SystemClock_Config) for SystemClock_Config
    main.o(.text.main) refers to gpio.o(.text.MX_GPIO_Init) for MX_GPIO_Init
    main.o(.text.main) refers to dma.o(.text.MX_DMA_Init) for MX_DMA_Init
    main.o(.text.main) refers to can.o(.text.MX_CAN1_Init) for MX_CAN1_Init
    main.o(.text.main) refers to usart.o(.text.MX_USART1_UART_Init) for MX_USART1_UART_Init
    main.o(.text.main) refers to tim.o(.text.MX_TIM3_Init) for MX_TIM3_Init
    main.o(.text.main) refers to can.o(.text.MX_CAN2_Init) for MX_CAN2_Init
    main.o(.text.main) refers to cmsis_os2.o(.text.osKernelInitialize) for osKernelInitialize
    main.o(.text.main) refers to freertos.o(.text.MX_FREERTOS_Init) for MX_FREERTOS_Init
    main.o(.text.main) refers to cmsis_os2.o(.text.osKernelStart) for osKernelStart
    main.o(.ARM.exidx.text.main) refers to main.o(.text.main) for [Anonymous Symbol]
    main.o(.text.SystemClock_Config) refers to rt_memclr_w.o(.text) for __aeabi_memclr4
    main.o(.text.SystemClock_Config) refers to stm32f4xx_hal_rcc.o(.text.HAL_RCC_OscConfig) for HAL_RCC_OscConfig
    main.o(.text.SystemClock_Config) refers to main.o(.text.Error_Handler) for Error_Handler
    main.o(.text.SystemClock_Config) refers to stm32f4xx_hal_rcc.o(.text.HAL_RCC_ClockConfig) for HAL_RCC_ClockConfig
    main.o(.ARM.exidx.text.SystemClock_Config) refers to main.o(.text.SystemClock_Config) for [Anonymous Symbol]
    main.o(.ARM.exidx.text.Error_Handler) refers to main.o(.text.Error_Handler) for [Anonymous Symbol]
    main.o(.text.HAL_TIM_PeriodElapsedCallback) refers to stm32f4xx_hal.o(.text.HAL_IncTick) for HAL_IncTick
    main.o(.text.HAL_TIM_PeriodElapsedCallback) refers to tim_exit.o(.text.TIM_PeriodElapsedCallback) for TIM_PeriodElapsedCallback
[...]
    DMA1_Stream5_IRQHandler                  0x08000243   Thumb Code     0  startup_stm32f405xx.o(.text)
    DMA1_Stream6_IRQHandler                  0x08000243   Thumb Code     0  startup_stm32f405xx.o(.text)
    DMA1_Stream7_IRQHandler                  0x08000243   Thumb Code     0  startup_stm32f405xx.o(.text)
    DMA2_Stream0_IRQHandler                  0x08000243   Thumb Code     0  startup_stm32f405xx.o(.text)
    DMA2_Stream1_IRQHandler                  0x08000243   Thumb Code     0  startup_stm32f405xx.o(.text)
    DMA2_Stream3_IRQHandler                  0x08000243   Thumb Code     0  startup_stm32f405xx.o(.text)
    DMA2_Stream4_IRQHandler                  0x08000243   Thumb Code     0  startup_stm32f405xx.o(.text)
    DMA2_Stream5_IRQHandler                  0x08000243   Thumb Code     0  startup_stm32f405xx.o(.text)
    DMA2_Stream6_IRQHandler                  0x08000243   Thumb Code     0  startup_stm32f405xx.o(.text)
    EXTI0_IRQHandler                         0x08000243   Thumb Code     0  startup_stm32f405xx.o(.text)
    EXTI1_IRQHandler                         0x08000243   Thumb Code     0  startup_stm32f405xx.o(.text)
    EXTI2_IRQHandler                         0x08000243   Thumb Code     0  startup_stm32f405xx.o(.text)
    EXTI3_IRQHandler                         0x08000243   Thumb Code     0  startup_stm32f405xx.o(.text)
    EXTI4_IRQHandler                         0x08000243   Thumb Code     0  startup_stm32f405xx.o(.text)
    EXTI9_5_IRQHandler                       0x08000243   Thumb Code     0  startup_stm32f405xx.o(.text)
    FLASH_IRQHandler                         0x08000243   Thumb Code     0  startup_stm32f405xx.o(.text)
    FMC_IRQHandler                           0x08000243   Thumb Code     0  startup_stm32f405xx.o(.text)
    FPU_IRQHandler                           0x08000243   Thumb Code     0  startup_stm32f405xx.o(.text)
    HASH_RNG_IRQHandler                      0x08000243   Thumb Code     0  startup_stm32f405xx.o(.text)
    I2C1_ER_IRQHandler                       0x08000243   Thumb Code     0  startup_stm32f405xx.o(.text)
    I2C1_EV_IRQHandler                       0x08000243   Thumb Code     0  startup_stm32f405xx.o(.text)
    I2C2_ER_IRQHandler                       0x08000243   Thumb Code     0  startup_stm32f405xx.o(.text)
    I2C2_EV_IRQHandler                       0x08000243   Thumb Code     0  startup_stm32f405xx.o(.text)
    I2C3_ER_IRQHandler                       0x08000243   Thumb Code     0  startup_stm32f405xx.o(.text)
    I2C3_EV_IRQHandler                       0x08000243   Thumb Code     0  startup_stm32f405xx.o(.text)
    OTG_FS_IRQHandler                        0x08000243   Thumb Code     0  startup_stm32f405xx.o(.text)
    OTG_FS_WKUP_IRQHandler                   0x08000243   Thumb Code     0  startup_stm32f405xx.o(.text)
    OTG_HS_EP1_IN_IRQHandler                 0x08000243   Thumb Code     0  startup_stm32f405xx.o(.text)
    OTG_HS_EP1_OUT_IRQHandler                0x08000243   Thumb Code     0  startup_stm32f405xx.o(.text)
    OTG_HS_IRQHandler                        0x08000243   Thumb Code     0  startup_stm32f405xx.o(.text)
    OTG_HS_WKUP_IRQHandler                   0x08000243   Thumb Code     0  startup_stm32f405xx.o(.text)
    PVD_IRQHandler                           0x08000243   Thumb Code     0  startup_stm32f405xx.o(.text)
    RCC_IRQHandler                           0x08000243   Thumb Code     0  startup_stm32f405xx.o(.text)
    RTC_Alarm_IRQHandler                     0x08000243   Thumb Code     0  startup_stm32f405xx.o(.text)
    RTC_WKUP_IRQHandler                      0x08000243   Thumb Code     0  startup_stm32f405xx.o(.text)
    SDIO_IRQHandler                          0x08000243   Thumb Code     0  startup_stm32f405xx.o(.text)
    SPI1_IRQHandler                          0x08000243   Thumb Code     0  startup_stm32f405xx.o(.text)
    SPI2_IRQHandler                          0x08000243   Thumb Code     0  startup_stm32f405xx.o(.text)
    SPI3_IRQHandler                          0x08000243   Thumb Code     0  startup_stm32f405xx.o(.text)
    TAMP_STAMP_IRQHandler                    0x08000243   Thumb Code     0  startup_stm32f405xx.o(.text)
    TIM1_BRK_TIM9_IRQHandler                 0x08000243   Thumb Code     0  startup_stm32f405xx.o(.text)
    TIM1_CC_IRQHandler                       0x08000243   Thumb Code     0  startup_stm32f405xx.o(.text)
    TIM1_TRG_COM_TIM11_IRQHandler            0x08000243   Thumb Code     0  startup_stm32f405xx.o(.text)
    TIM2_IRQHandler                          0x08000243   Thumb Code     0  startup_stm32f405xx.o(.text)
    TIM4_IRQHandler                          0x08000243   Thumb Code     0  startup_stm32f405xx.o(.text)
    TIM5_IRQHandler                          0x08000243   Thumb Code     0  startup_stm32f405xx.o(.text)
    TIM6_DAC_IRQHandler                      0x08000243   Thumb Code     0  startup_stm32f405xx.o(.text)
    TIM7_IRQHandler                          0x08000243   Thumb Code     0  startup_stm32f405xx.o(.text)
    TIM8_BRK_TIM12_IRQHandler                0x08000243   Thumb Code     0  startup_stm32f405xx.o(.text)
    TIM8_CC_IRQHandler                       0x08000243   Thumb Code     0  startup_stm32f405xx.o(.text)
    TIM8_TRG_COM_TIM14_IRQHandler            0x08000243   Thumb Code     0  startup_stm32f405xx.o(.text)
    TIM8_UP_TIM13_IRQHandler                 0x08000243   Thumb Code     0  startup_stm32f405xx.o(.text)
    UART4_IRQHandler                         0x08000243   Thumb Code     0  startup_stm32f405xx.o(.text)
    UART5_IRQHandler                         0x08000243   Thumb Code     0  startup_stm32f405xx.o(.text)
    USART2_IRQHandler                        0x08000243   Thumb Code     0  startup_stm32f405xx.o(.text)
    USART3_IRQHandler                        0x08000243   Thumb Code     0  startup_stm32f405xx.o(.text)
    USART6_IRQHandler                        0x08000243   Thumb Code     0  startup_stm32f405xx.o(.text)
    WWDG_IRQHandler                          0x08000243   Thumb Code     0  startup_stm32f405xx.o(.text)
    __user_initial_stackheap                 0x08000245   Thumb Code     0  startup_stm32f405xx.o(.text)
    __aeabi_uldivmod                         0x08000269   Thumb Code     0  lludivv7m.o(.text)
    _ll_udiv                                 0x08000269   Thumb Code   240  lludivv7m.o(.text)
    __aeabi_memcpy                           0x08000359   Thumb Code     0  rt_memcpy_v6.o(.text)
    __rt_memcpy                              0x08000359   Thumb Code   138  rt_memcpy_v6.o(.text)
    _memcpy_lastbytes                        0x080003bf   Thumb Code     0  rt_memcpy_v6.o(.text)
    __aeabi_memset4                          0x080003e3   Thumb Code    16  aeabi_memset4.o(.text)
    __aeabi_memset8                          0x080003e3   Thumb Code     0  aeabi_memset4.o(.text)
    __aeabi_memclr4                          0x080003f3   Thumb Code     0  rt_memclr_w.o(.text)
    __aeabi_memclr8                          0x080003f3   Thumb Code     0  rt_memclr_w.o(.text)
    __rt_memclr_w                            0x080003f3   Thumb Code     0  rt_memclr_w.o(.text)
    _memset_w                                0x080003f7   Thumb Code    74  rt_memclr_w.o(.text)
    __use_two_region_memory                  0x08000441   Thumb Code     2  heapauxi.o(.text)
    __rt_heap_escrow$2region                 0x08000443   Thumb Code     2  heapauxi.o(.text)
    __rt_heap_expand$2region                 0x08000445   Thumb Code     2  heapauxi.o(.text)
    __aeabi_memcpy4                          0x08000447   Thumb Code     0  rt_memcpy_w.o(.text)
    __aeabi_memcpy8                          0x08000447   Thumb Code     0  rt_memcpy_w.o(.text)
    __rt_memcpy_w                            0x08000447   Thumb Code   100  rt_memcpy_w.o(.text)
    _memcpy_lastbytes_aligned                0x0800048f   Thumb Code     0  rt_memcpy_w.o(.text)
    __user_setup_stackheap                   0x080004ab   Thumb Code    74  sys_stackheap_outer.o(.text)
    exit                                     0x080004f5   Thumb Code    18  exit.o(.text)
    __user_libspace                          0x08000509   Thumb Code     8  libspace.o(.text)
    __user_perproc_libspace                  0x08000509   Thumb Code     0  libspace.o(.text)
    __user_perthread_libspace                0x08000509   Thumb Code     0  libspace.o(.text)
    _sys_exit                                0x08000511   Thumb Code     8  sys_exit.o(.text)
    __I$use$semihosting                      0x0800051d   Thumb Code     0  use_no_semi.o(.text)
    __use_no_semihosting_swi                 0x0800051d   Thumb Code     2  use_no_semi.o(.text)
    __semihosting_library_function           0x0800051f   Thumb Code     0  indicate_semi.o(.text)
    BusFault_Handler                         0x08000521   Thumb Code     4  stm32f4xx_it.o(.text.BusFault_Handler)
    CAN1_RX0_IRQHandler                      0x08000525   Thumb Code    16  stm32f4xx_it.o(.text.CAN1_RX0_IRQHandler)
    CAN1_RX1_IRQHandler                      0x08000535   Thumb Code    16  stm32f4xx_it.o(.text.CAN1_RX1_IRQHandler)
    CAN2_RX0_IRQHandler                      0x08000545   Thumb Code    16  stm32f4xx_it.o(.text.CAN2_RX0_IRQHandler)
    CAN2_RX1_IRQHandler                      0x08000555   Thumb Code    16  stm32f4xx_it.o(.text.CAN2_RX1_IRQHandler)
    CANTransmit_Task                         0x08000565   Thumb Code    36  myostask.o(.text.CANTransmit_Task)
    DEG2N                                    0x08000589   Thumb Code    28  zdrive.o(.text.DEG2N)
    DJIProcess_Task                          0x080005a5   Thumb Code   196  myostask.o(.text.DJIProcess_Task)
    DJI_func                                 0x08000669   Thumb Code   246  djidrive.o(.text.DJI_func)
    DJIcan_transmit                          0x08000761   Thumb Code    70  can_transmit.o(.text.DJIcan_transmit)
    DMA2_Stream2_IRQHandler                  0x080007a9   Thumb Code    16  stm32f4xx_it.o(.text.DMA2_Stream2_IRQHandler)
    DMA2_Stream7_IRQHandler                  0x080007b9   Thumb Code    16  stm32f4xx_it.o(.text.DMA2_Stream7_IRQHandler)
    DeQueue                                  0x08000961   Thumb Code    50  zdrive.o(.text.DeQueue)
    DebugMon_Handler                         0x08000995   Thumb Code     2  stm32f4xx_it.o(.text.DebugMon_Handler)
    EXTI15_10_IRQHandler                     0x08000999   Thumb Code    12  stm32f4xx_it.o(.text.EXTI15_10_IRQHandler)
    EnQueue                                  0x080009a5   Thumb Code   108  zdrive.o(.text.EnQueue)
    Error_Handler                            0x08000a11   Thumb Code     6  main.o(.text.Error_Handler)
    Get_MotorVal_Feedback                    0x08000a19   Thumb Code   344  djidrive.o(.text.Get_MotorVal_Feedback)
    HAL_CAN_ActivateNotification             0x08000b71   Thumb Code    82  stm32f4xx_hal_can.o(.text.HAL_CAN_ActivateNotification)
    HAL_CAN_AddTxMessage                     0x08000bc5   Thumb Code   342  stm32f4xx_hal_can.o(.text.HAL_CAN_AddTxMessage)
    HAL_CAN_ConfigFilter                     0x08000d1d   Thumb Code   414  stm32f4xx_hal_can.o(.text.HAL_CAN_ConfigFilter)
    HAL_CAN_ErrorCallback                    0x08000ebd   Thumb Code     8  stm32f4xx_hal_can.o(.text.HAL_CAN_ErrorCallback)
    HAL_CAN_GetRxMessage                     0x08000ec5   Thumb Code   530  stm32f4xx_hal_can.o(.text.HAL_CAN_GetRxMessage)
    HAL_CAN_IRQHandler                       0x080010d9   Thumb Code  1010  stm32f4xx_hal_can.o(.text.HAL_CAN_IRQHandler)
    HAL_CAN_Init                             0x080014cd   Thumb Code   478  stm32f4xx_hal_can.o(.text.HAL_CAN_Init)
    HAL_CAN_MspInit                          0x080016ad   Thumb Code   432  can.o(.text.HAL_CAN_MspInit)
    HAL_CAN_RxFifo0FullCallback              0x0800185d   Thumb Code     8  stm32f4xx_hal_can.o(.text.HAL_CAN_RxFifo0FullCallback)
    HAL_CAN_RxFifo0MsgPendingCallback        0x08001865   Thumb Code   104  can_transmit.o(.text.HAL_CAN_RxFifo0MsgPendingCallback)
    HAL_CAN_RxFifo1FullCallback              0x080018cd   Thumb Code     8  stm32f4xx_hal_can.o(.text.HAL_CAN_RxFifo1FullCallback)
    HAL_CAN_RxFifo1MsgPendingCallback        0x080018d5   Thumb Code   142  can_transmit.o(.text.HAL_CAN_RxFifo1MsgPendingCallback)
    HAL_CAN_SleepCallback                    0x08001965   Thumb Code     8  stm32f4xx_hal_can.o(.text.HAL_CAN_SleepCallback)
    HAL_CAN_Start                            0x0800196d   Thumb Code   138  stm32f4xx_hal_can.o(.text.HAL_CAN_Start)
    HAL_CAN_TxMailbox0AbortCallback          0x080019f9   Thumb Code     8  stm32f4xx_hal_can.o(.text.HAL_CAN_TxMailbox0AbortCallback)
    HAL_CAN_TxMailbox0CompleteCallback       0x08001a01   Thumb Code     8  stm32f4xx_hal_can.o(.text.HAL_CAN_TxMailbox0CompleteCallback)
    HAL_CAN_TxMailbox1AbortCallback          0x08001a09   Thumb Code     8  stm32f4xx_hal_can.o(.text.HAL_CAN_TxMailbox1AbortCallback)
    HAL_CAN_TxMailbox1CompleteCallback       0x08001a11   Thumb Code     8  stm32f4xx_hal_can.o(.text.HAL_CAN_TxMailbox1CompleteCallback)
    HAL_CAN_TxMailbox2AbortCallback          0x08001a19   Thumb Code     8  stm32f4xx_hal_can.o(.text.HAL_CAN_TxMailbox2AbortCallback)
    HAL_CAN_TxMailbox2CompleteCallback       0x08001a21   Thumb Code     8  stm32f4xx_hal_can.o(.text.HAL_CAN_TxMailbox2CompleteCallback)
    HAL_CAN_WakeUpFromRxMsgCallback          0x08001a29   Thumb Code     8  stm32f4xx_hal_can.o(.text.HAL_CAN_WakeUpFromRxMsgCallback)
    HAL_DMA_Abort                            0x08001a31   Thumb Code   236  stm32f4xx_hal_dma.o(.text.HAL_DMA_Abort)
    HAL_DMA_Abort_IT                         0x08001b1d   Thumb Code    68  stm32f4xx_hal_dma.o(.text.HAL_DMA_Abort_IT)
    HAL_DMA_IRQHandler                       0x08001b61   Thumb Code   798  stm32f4xx_hal_dma.o(.text.HAL_DMA_IRQHandler)
    HAL_DMA_Init                             0x08001e81   Thumb Code   366  stm32f4xx_hal_dma.o(.text.HAL_DMA_Init)
    HAL_DMA_Start_IT                         0x08001ff1   Thumb Code   194  stm32f4xx_hal_dma.o(.text.HAL_DMA_Start_IT)
    HAL_GPIO_EXTI_Callback                   0x080020b5   Thumb Code    52  gpio_exit.o(.text.HAL_GPIO_EXTI_Callback)
    HAL_GPIO_EXTI_IRQHandler                 0x080020e9   Thumb Code    56  stm32f4xx_hal_gpio.o(.text.HAL_GPIO_EXTI_IRQHandler)
    HAL_GPIO_Init                            0x08002121   Thumb Code   950  stm32f4xx_hal_gpio.o(.text.HAL_GPIO_Init)
    HAL_GPIO_WritePin                        0x080024d9   Thumb Code    46  stm32f4xx_hal_gpio.o(.text.HAL_GPIO_WritePin)
    HAL_GetTick                              0x08002509   Thumb Code    12  stm32f4xx_hal.o(.text.HAL_GetTick)
    HAL_IncTick                              0x08002515   Thumb Code    26  stm32f4xx_hal.o(.text.HAL_IncTick)
    HAL_Init                                 0x08002531   Thumb Code    54  stm32f4xx_hal.o(.text.HAL_Init)
    HAL_InitTick                             0x08002569   Thumb Code   218  stm32f4xx_hal_timebase_tim.o(.text.HAL_InitTick)
    HAL_MspInit                              0x08002645   Thumb Code    88  stm32f4xx_hal_msp.o(.text.HAL_MspInit)
    HAL_NVIC_EnableIRQ                       0x0800269d   Thumb Code    20  stm32f4xx_hal_cortex.o(.text.HAL_NVIC_EnableIRQ)
    HAL_NVIC_SetPriority                     0x080026b1   Thumb Code    50  stm32f4xx_hal_cortex.o(.text.HAL_NVIC_SetPriority)
    HAL_NVIC_SetPriorityGrouping             0x080026e5   Thumb Code    16  stm32f4xx_hal_cortex.o(.text.HAL_NVIC_SetPriorityGrouping)
    HAL_RCC_ClockConfig                      0x080026f5   Thumb Code   610  stm32f4xx_hal_rcc.o(.text.HAL_RCC_ClockConfig)
    HAL_RCC_GetClockConfig                   0x08002959   Thumb Code    84  stm32f4xx_hal_rcc.o(.text.HAL_RCC_GetClockConfig)
    HAL_RCC_GetHCLKFreq                      0x080029ad   Thumb Code    12  stm32f4xx_hal_rcc.o(.text.HAL_RCC_GetHCLKFreq)
    HAL_RCC_GetPCLK1Freq                     0x080029b9   Thumb Code    34  stm32f4xx_hal_rcc.o(.text.HAL_RCC_GetPCLK1Freq)
    HAL_RCC_GetPCLK2Freq                     0x080029dd   Thumb Code    34  stm32f4xx_hal_rcc.o(.text.HAL_RCC_GetPCLK2Freq)
    HAL_RCC_GetSysClockFreq                  0x08002a01   Thumb Code   230  stm32f4xx_hal_rcc.o(.text.HAL_RCC_GetSysClockFreq)
    HAL_RCC_OscConfig                        0x08002ae9   Thumb Code  1726  stm32f4xx_hal_rcc.o(.text.HAL_RCC_OscConfig)
    HAL_TIMEx_BreakCallback                  0x080031a9   Thumb Code     8  stm32f4xx_hal_tim_ex.o(.text.HAL_TIMEx_BreakCallback)
    HAL_TIMEx_CommutCallback                 0x080031b1   Thumb Code     8  stm32f4xx_hal_tim_ex.o(.text.HAL_TIMEx_CommutCallback)
    HAL_TIMEx_MasterConfigSynchronization    0x080031b9   Thumb Code   290  stm32f4xx_hal_tim_ex.o(.text.HAL_TIMEx_MasterConfigSynchronization)
    HAL_TIM_Base_Init                        0x080032dd   Thumb Code   156  stm32f4xx_hal_tim.o(.text.HAL_TIM_Base_Init)
    HAL_TIM_Base_MspInit                     0x08003379   Thumb Code    82  tim.o(.text.HAL_TIM_Base_MspInit)
    HAL_TIM_Base_Start_IT                    0x080033cd   Thumb Code   246  stm32f4xx_hal_tim.o(.text.HAL_TIM_Base_Start_IT)
    HAL_TIM_ConfigClockSource                0x080034c5   Thumb Code   388  stm32f4xx_hal_tim.o(.text.HAL_TIM_ConfigClockSource)
    HAL_TIM_IC_CaptureCallback               0x08003649   Thumb Code     8  stm32f4xx_hal_tim.o(.text.HAL_TIM_IC_CaptureCallback)
    HAL_TIM_IRQHandler                       0x08003651   Thumb Code   538  stm32f4xx_hal_tim.o(.text.HAL_TIM_IRQHandler)
    HAL_TIM_MspPostInit                      0x0800386d   Thumb Code   104  tim.o(.text.HAL_TIM_MspPostInit)
    HAL_TIM_OC_DelayElapsedCallback          0x080038d5   Thumb Code     8  stm32f4xx_hal_tim.o(.text.HAL_TIM_OC_DelayElapsedCallback)
    HAL_TIM_PWM_ConfigChannel                0x080038dd   Thumb Code   322  stm32f4xx_hal_tim.o(.text.HAL_TIM_PWM_ConfigChannel)
    HAL_TIM_PWM_Init                         0x08003a21   Thumb Code   156  stm32f4xx_hal_tim.o(.text.HAL_TIM_PWM_Init)
    HAL_TIM_PWM_MspInit                      0x08003abd   Thumb Code     8  stm32f4xx_hal_tim.o(.text.HAL_TIM_PWM_MspInit)
    HAL_TIM_PWM_PulseFinishedCallback        0x08003ac5   Thumb Code     8  stm32f4xx_hal_tim.o(.text.HAL_TIM_PWM_PulseFinishedCallback)
    HAL_TIM_PeriodElapsedCallback            0x08003acd   Thumb Code    38  main.o(.text.HAL_TIM_PeriodElapsedCallback)
    HAL_TIM_TriggerCallback                  0x08003af5   Thumb Code     8  stm32f4xx_hal_tim.o(.text.HAL_TIM_TriggerCallback)
    HAL_UARTEx_ReceiveToIdle_DMA             0x08003afd   Thumb Code   184  stm32f4xx_hal_uart.o(.text.HAL_UARTEx_ReceiveToIdle_DMA)
    HAL_UARTEx_RxEventCallback               0x08003bb5   Thumb Code   166  uart_transmit.o(.text.HAL_UARTEx_RxEventCallback)
    HAL_UART_ErrorCallback                   0x08003c5d   Thumb Code     8  stm32f4xx_hal_uart.o(.text.HAL_UART_ErrorCallback)
    HAL_UART_IRQHandler                      0x08003c65   Thumb Code  1116  stm32f4xx_hal_uart.o(.text.HAL_UART_IRQHandler)
    HAL_UART_Init                            0x080040c1   Thumb Code   158  stm32f4xx_hal_uart.o(.text.HAL_UART_Init)
    HAL_UART_MspInit                         0x08004161   Thumb Code   384  usart.o(.text.HAL_UART_MspInit)
    HAL_UART_RxCpltCallback                  0x080042e1   Thumb Code     8  stm32f4xx_hal_uart.o(.text.HAL_UART_RxCpltCallback)
    HAL_UART_RxHalfCpltCallback              0x080042e9   Thumb Code     8  stm32f4xx_hal_uart.o(.text.HAL_UART_RxHalfCpltCallback)
    HAL_UART_TxCpltCallback                  0x080042f1   Thumb Code     8  stm32f4xx_hal_uart.o(.text.HAL_UART_TxCpltCallback)
    HardFault_Handler                        0x080042f9   Thumb Code     4  stm32f4xx_it.o(.text.HardFault_Handler)
    MX_CAN1_Init                             0x080042fd   Thumb Code   224  can.o(.text.MX_CAN1_Init)
    MX_CAN2_Init                             0x080043dd   Thumb Code    78  can.o(.text.MX_CAN2_Init)
    MX_DMA_Init                              0x0800442d   Thumb Code    82  dma.o(.text.MX_DMA_Init)
    MX_FREERTOS_Init                         0x08004481   Thumb Code   106  freertos.o(.text.MX_FREERTOS_Init)
    MX_GPIO_Init                             0x080044ed   Thumb Code   254  gpio.o(.text.MX_GPIO_Init)
    MX_TIM3_Init                             0x080045ed   Thumb Code   242  tim.o(.text.MX_TIM3_Init)
    MX_USART1_UART_Init                      0x080046e1   Thumb Code    64  usart.o(.text.MX_USART1_UART_Init)
    MemManage_Handler                        0x08004721   Thumb Code     4  stm32f4xx_it.o(.text.MemManage_Handler)
    N2DEG                                    0x08004725   Thumb Code    28  zdrive.o(.text.N2DEG)
    NMI_Handler                              0x08004741   Thumb Code     4  stm32f4xx_it.o(.text.NMI_Handler)
    PID_Process                              0x080047b1   Thumb Code   352  pid.o(.text.PID_Process)
    PendSV_Handler                           0x08004911   Thumb Code   100  port.o(.text.PendSV_Handler)
    QueueInit                                0x08004975   Thumb Code    28  zdrive.o(.text.QueueInit)
    SVC_Handler                              0x08004991   Thumb Code    36  port.o(.text.SVC_Handler)
    SysTick_Handler                          0x080049c5   Thumb Code    30  cmsis_os2.o(.text.SysTick_Handler)
    SystemClock_Config                       0x080049e5   Thumb Code   190  main.o(.text.SystemClock_Config)
    SystemInit                               0x08004aa5   Thumb Code    18  system_stm32f4xx.o(.text.SystemInit)
    TIM1_UP_TIM10_IRQHandler                 0x08004ab9   Thumb Code    16  stm32f4xx_it.o(.text.TIM1_UP_TIM10_IRQHandler)
    TIM3_IRQHandler                          0x08004ac9   Thumb Code    16  stm32f4xx_it.o(.text.TIM3_IRQHandler)
    TIM_Base_SetConfig                       0x08004ad9   Thumb Code   420  stm32f4xx_hal_tim.o(.text.TIM_Base_SetConfig)
    TIM_ETR_SetConfig                        0x08004c7d   Thumb Code    52  stm32f4xx_hal_tim.o(.text.TIM_ETR_SetConfig)
    TIM_OC2_SetConfig                        0x08004dc9   Thumb Code   244  stm32f4xx_hal_tim.o(.text.TIM_OC2_SetConfig)
    TIM_PeriodElapsedCallback                0x08005055   Thumb Code    64  tim_exit.o(.text.TIM_PeriodElapsedCallback)
    UART_Start_Receive_DMA                   0x08005691   Thumb Code   304  stm32f4xx_hal_uart.o(.text.UART_Start_Receive_DMA)
    USART1_IRQHandler                        0x08005855   Thumb Code    16  stm32f4xx_it.o(.text.USART1_IRQHandler)
    UsageFault_Handler                       0x08005865   Thumb Code     4  stm32f4xx_it.o(.text.UsageFault_Handler)
    Zcan_transmit                            0x08005869   Thumb Code   112  can_transmit.o(.text.Zcan_transmit)
    ZdriveAsk                                0x080058d9   Thumb Code    66  zdrive.o(.text.ZdriveAsk)
    ZdriveFunc                               0x0800591d   Thumb Code   174  zdrive.o(.text.ZdriveFunc)
    ZdriveInit                               0x080059cd   Thumb Code   240  zdrive.o(.text.ZdriveInit)
    ZdriveProcess_Task                       0x08005abd   Thumb Code    62  myostask.o(.text.ZdriveProcess_Task)
    ZdriveReceive                            0x08005afd   Thumb Code   808  zdrive.o(.text.ZdriveReceive)
    ZdriveSet                                0x08005e25   Thumb Code   244  zdrive.o(.text.ZdriveSet)
    ZdriveSetPVT                             0x08005f19   Thumb Code   168  zdrive.o(.text.ZdriveSetPVT)
    isQueueEmpty                             0x080062e5   Thumb Code    38  zdrive.o(.text.isQueueEmpty)
    isQueueFull                              0x0800630d   Thumb Code    40  zdrive.o(.text.isQueueFull)
    main                                     0x08006335   Thumb Code    56  main.o(.text.main)
    motor_pid_init                           0x0800636d   Thumb Code    38  djidrive.o(.text.motor_pid_init)
    motor_set_init                           0x08006395   Thumb Code    60  djidrive.o(.text.motor_set_init)
    osKernelInitialize                       0x080063d1   Thumb Code    70  cmsis_os2.o(.text.osKernelInitialize)
    osKernelStart                            0x08006419   Thumb Code    82  cmsis_os2.o(.text.osKernelStart)
    osThreadNew                              0x0800646d   Thumb Code   346  cmsis_os2.o(.text.osThreadNew)
    pvPortMalloc                             0x0800746d   Thumb Code   492  heap_4.o(.text.pvPortMalloc)
    pxPortInitialiseStack                    0x08007659   Thumb Code    94  port.o(.text.pxPortInitialiseStack)
    uxListRemove                             0x080076b9   Thumb Code    72  list.o(.text.uxListRemove)
    vApplicationGetIdleTaskMemory            0x08007701   Thumb Code    42  cmsis_os2.o(.text.vApplicationGetIdleTaskMemory)
    vApplicationGetTimerTaskMemory           0x0800772d   Thumb Code    44  cmsis_os2.o(.text.vApplicationGetTimerTaskMemory)
    vListInitialise                          0x08007759   Thumb Code    46  list.o(.text.vListInitialise)
    vListInitialiseItem                      0x08007789   Thumb Code    14  list.o(.text.vListInitialiseItem)
    vListInsert                              0x08007799   Thumb Code   106  list.o(.text.vListInsert)
    vListInsertEnd                           0x08007805   Thumb Code    58  list.o(.text.vListInsertEnd)
    vPortEnterCritical                       0x08007855   Thumb Code    86  port.o(.text.vPortEnterCritical)
    vPortExitCritical                        0x080078ad   Thumb Code    74  port.o(.text.vPortExitCritical)
    vPortFree                                0x080078f9   Thumb Code   206  heap_4.o(.text.vPortFree)
    vPortSetupTimerInterrupt                 0x080079c9   Thumb Code    68  port.o(.text.vPortSetupTimerInterrupt)
    vPortValidateInterruptPriority           0x08007a0d   Thumb Code   132  port.o(.text.vPortValidateInterruptPriority)
    vQueueAddToRegistry                      0x08007a91   Thumb Code    82  queue.o(.text.vQueueAddToRegistry)
    vQueueWaitForMessageRestricted           0x08007ae5   Thumb Code   100  queue.o(.text.vQueueWaitForMessageRestricted)
    vTaskDelayUntil                          0x08007b49   Thumb Code   276  tasks.o(.text.vTaskDelayUntil)
    vTaskInternalSetTimeOutState             0x08007c5d   Thumb Code    36  tasks.o(.text.vTaskInternalSetTimeOutState)
    vTaskMissedYield                         0x08007c81   Thumb Code    14  tasks.o(.text.vTaskMissedYield)
    vTaskPlaceOnEventList                    0x08007c91   Thumb Code    66  tasks.o(.text.vTaskPlaceOnEventList)
    vTaskPlaceOnEventListRestricted          0x08007cd5   Thumb Code    82  tasks.o(.text.vTaskPlaceOnEventListRestricted)
    vTaskStartScheduler                      0x08007d29   Thumb Code   224  tasks.o(.text.vTaskStartScheduler)
    vTaskSuspendAll                          0x08007e09   Thumb Code    16  tasks.o(.text.vTaskSuspendAll)
    vTaskSwitchContext                       0x08007e19   Thumb Code   198  tasks.o(.text.vTaskSwitchContext)
    xPortStartScheduler                      0x08007ee1   Thumb Code   342  port.o(.text.xPortStartScheduler)
    xPortSysTickHandler                      0x08008039   Thumb Code    60  port.o(.text.xPortSysTickHandler)
    xQueueGenericCreateStatic                0x08008075   Thumb Code   270  queue.o(.text.xQueueGenericCreateStatic)
    xQueueGenericReset                       0x08008185   Thumb Code   186  queue.o(.text.xQueueGenericReset)
    xQueueGenericSend                        0x08008241   Thumb Code   556  queue.o(.text.xQueueGenericSend)
    xQueueGenericSendFromISR                 0x0800846d   Thumb Code   332  queue.o(.text.xQueueGenericSendFromISR)
    xQueueReceive                            0x080085b9   Thumb Code   476  queue.o(.text.xQueueReceive)
    xTaskCheckForTimeOut                     0x08008795   Thumb Code   204  tasks.o(.text.xTaskCheckForTimeOut)
    xTaskCreate                              0x08008861   Thumb Code   158  tasks.o(.text.xTaskCreate)
    xTaskCreateStatic                        0x08008901   Thumb Code   206  tasks.o(.text.xTaskCreateStatic)
    xTaskGetSchedulerState                   0x080089d1   Thumb Code    56  tasks.o(.text.xTaskGetSchedulerState)
    xTaskGetTickCount                        0x08008a09   Thumb Code    20  tasks.o(.text.xTaskGetTickCount)
    xTaskIncrementTick                       0x08008a1d   Thumb Code   452  tasks.o(.text.xTaskIncrementTick)
    xTaskPriorityDisinherit                  0x08008be1   Thumb Code   236  tasks.o(.text.xTaskPriorityDisinherit)
    xTaskRemoveFromEventList                 0x08008ccd   Thumb Code   206  tasks.o(.text.xTaskRemoveFromEventList)
    xTaskResumeAll                           0x08008d9d   Thumb Code   390  tasks.o(.text.xTaskResumeAll)
    xTimerCreateTimerTask                    0x08008f25   Thumb Code   148  timers.o(.text.xTimerCreateTimerTask)
    xTimerGenericCommand                     0x08008fb9   Thumb Code   176  timers.o(.text.xTimerGenericCommand)
    __aeabi_d2f                              0x08009069   Thumb Code     0  d2f.o(x$fpl$d2f)
    _d2f                                     0x08009069   Thumb Code    98  d2f.o(x$fpl$d2f)
    __fpl_dcmp_Inf                           0x080090cb   Thumb Code    24  dcmpi.o(x$fpl$dcmpinf)
    __aeabi_ddiv                             0x080090e5   Thumb Code     0  ddiv.o(x$fpl$ddiv)
    _ddiv                                    0x080090e5   Thumb Code   556  ddiv.o(x$fpl$ddiv)
    __aeabi_cdcmpeq                          0x08009399   Thumb Code     0  deqf.o(x$fpl$deqf)
    _dcmpeq                                  0x08009399   Thumb Code   120  deqf.o(x$fpl$deqf)
    __aeabi_i2d                              0x08009411   Thumb Code     0  dflt_clz.o(x$fpl$dflt)
    _dflt                                    0x08009411   Thumb Code    46  dflt_clz.o(x$fpl$dflt)
    __aeabi_cdcmpge                          0x08009441   Thumb Code     0  dgeqf.o(x$fpl$dgeqf)
    _dcmpge                                  0x08009441   Thumb Code   120  dgeqf.o(x$fpl$dgeqf)
    __aeabi_cdcmple                          0x080094b9   Thumb Code     0  dleqf.o(x$fpl$dleqf)
    _dcmple                                  0x080094b9   Thumb Code   120  dleqf.o(x$fpl$dleqf)
    __fpl_dcmple_InfNaN                      0x0800951b   Thumb Code     0  dleqf.o(x$fpl$dleqf)
    __aeabi_dmul                             0x08009531   Thumb Code     0  dmul.o(x$fpl$dmul)
    _dmul                                    0x08009531   Thumb Code   332  dmul.o(x$fpl$dmul)
    __fpl_dnaninf                            0x08009685   Thumb Code   156  dnaninf.o(x$fpl$dnaninf)
    __fpl_dretinf                            0x08009721   Thumb Code    12  dretinf.o(x$fpl$dretinf)
    __aeabi_f2d                              0x0800972d   Thumb Code     0  f2d.o(x$fpl$f2d)
    _f2d                                     0x0800972d   Thumb Code    86  f2d.o(x$fpl$f2d)
    __aeabi_dcmpeq                           0x08009783   Thumb Code     0  dcmp.o(x$fpl$fcmp)
    _deq                                     0x08009783   Thumb Code    14  dcmp.o(x$fpl$fcmp)
    _dneq                                    0x08009791   Thumb Code    14  dcmp.o(x$fpl$fcmp)
    __aeabi_dcmpgt                           0x0800979f   Thumb Code     0  dcmp.o(x$fpl$fcmp)
    _dgr                                     0x0800979f   Thumb Code    14  dcmp.o(x$fpl$fcmp)
    __aeabi_dcmpge                           0x080097ad   Thumb Code     0  dcmp.o(x$fpl$fcmp)
    _dgeq                                    0x080097ad   Thumb Code    14  dcmp.o(x$fpl$fcmp)
    __aeabi_dcmple                           0x080097bb   Thumb Code     0  dcmp.o(x$fpl$fcmp)
    _dleq                                    0x080097bb   Thumb Code    14  dcmp.o(x$fpl$fcmp)
    __aeabi_dcmplt                           0x080097c9   Thumb Code     0  dcmp.o(x$fpl$fcmp)
    _dls                                     0x080097c9   Thumb Code    14  dcmp.o(x$fpl$fcmp)
    __fpl_fnaninf                            0x080097d7   Thumb Code   140  fnaninf.o(x$fpl$fnaninf)
    _fp_init                                 0x08009863   Thumb Code    26  fpinit.o(x$fpl$fpinit)
    __fplib_config_fpu_vfp                   0x0800987b   Thumb Code     0  fpinit.o(x$fpl$fpinit)
    __fplib_config_pureend_doubles           0x0800987b   Thumb Code     0  fpinit.o(x$fpl$fpinit)
    __fpl_fretinf                            0x0800987d   Thumb Code    10  fretinf.o(x$fpl$fretinf)
    AHBPrescTable                            0x08009886   Data          16  system_stm32f4xx.o(.rodata.AHBPrescTable)
    __I$use$fp                               0x08009886   Number         0  usenofp.o(x$fpl$usenofp)
    APBPrescTable                            0x08009896   Data           8  system_stm32f4xx.o(.rodata.APBPrescTable)
    CANTansmitTask_attributes                0x080098a0   Data          36  freertos.o(.rodata.CANTansmitTask_attributes)
    DJIProcessTask_attributes                0x080098c4   Data          36  freertos.o(.rodata.DJIProcessTask_attributes)
    ZDriveProcessTa_attributes               0x080098f0   Data          36  freertos.o(.rodata.ZDriveProcessTa_attributes)
    Region$$Table$$Base                      0x08009958   Number         0  anon$$obj.o(Region$$Table)
    Region$$Table$$Limit                     0x08009978   Number         0  anon$$obj.o(Region$$Table)
    DJI                                      0x20000000   Data         120  djidrive.o(.data.DJI)
    SystemCoreClock                          0x20000078   Data           4  system_stm32f4xx.o(.data.SystemCoreClock)
    uwTickFreq                               0x2000007c   Data           1  stm32f4xx_hal.o(.data.uwTickFreq)
    uwTickPrio                               0x20000080   Data           4  stm32f4xx_hal.o(.data.uwTickPrio)
    __libspace_start                         0x20000088   Data          96  libspace.o(.bss)
    CANTansmitTaskHandle                     0x200000e8   Data           4  freertos.o(.bss.CANTansmitTaskHandle)
    __temporary_stack_top$libspace           0x200000e8   Data           0  libspace.o(.bss)
    DJIProcessTaskHandle                     0x200000ec   Data           4  freertos.o(.bss.DJIProcessTaskHandle)
    ESC_Data                                 0x200000f0   Data           8  djidrive.o(.bss.ESC_Data)
    RxData0                                  0x20000104   Data           8  can_transmit.o(.bss.RxData0)
    RxData1                                  0x2000010c   Data           8  can_transmit.o(.bss.RxData1)
    RxHeader0                                0x20000114   Data          28  can_transmit.o(.bss.RxHeader0)
    RxHeader1                                0x20000130   Data          28  can_transmit.o(.bss.RxHeader1)
    ZDriveProcessTaHandle                    0x20000150   Data           4  freertos.o(.bss.ZDriveProcessTaHandle)
    Zmotor                                   0x20000154   Data         600  zdrive.o(.bss.Zmotor)
    hcan1                                    0x200003ac   Data          40  can.o(.bss.hcan1)
    hcan2                                    0x200003d4   Data          40  can.o(.bss.hcan2)
    hdma_usart1_rx                           0x200003fc   Data          96  usart.o(.bss.hdma_usart1_rx)
    hdma_usart1_tx                           0x2000045c   Data          96  usart.o(.bss.hdma_usart1_tx)
    htim1                                    0x200004bc   Data          72  stm32f4xx_hal_timebase_tim.o(.bss.htim1)
    htim3                                    0x20000504   Data          72  tim.o(.bss.htim3)
    huart1                                   0x2000054c   Data          72  usart.o(.bss.huart1)
    key_press_flag                           0x20000594   Data           1  gpio_exit.o(.bss.key_press_flag)
    key_press_tick                           0x20000598   Data           4  gpio_exit.o(.bss.key_press_tick)
    motor_feedback                           0x2000059c   Data          12  djidrive.o(.bss.motor_feedback)
    pxCurrentTCB                             0x2000069c   Data           4  tasks.o(.bss.pxCurrentTCB)
    rx_buffer                                0x20000b14   Data           5  uart_transmit.o(.bss.rx_buffer)
    send_queue                               0x20000b1c   Data         260  zdrive.o(.bss.send_queue)
    uwTick                                   0x20004828   Data           4  stm32f4xx_hal.o(.bss.uwTick)
    xQueueRegistry                           0x20004f80   Data          64  queue.o(.bss.xQueueRegistry)



==============================================================================

Memory Map of the image

  Image Entry point : 0x08000189

  Load Region LR_IROM1 (Base: 0x08000000, Size: 0x00009a00, Max: 0x00100000, ABSOLUTE)

    Execution Region ER_IROM1 (Exec base: 0x08000000, Load base: 0x08000000, Size: 0x00009978, Max: 0x00100000, ABSOLUTE)

    Exec Addr    Load Addr    Size         Type   Attr      Idx    E Section Name        Object

    0x08000000   0x08000000   0x00000188   Data   RO            3    RESET               startup_stm32f405xx.o
    0x08000188   0x08000188   0x00000008   Code   RO         2053  * !!!main             c_w.l(__main.o)
    0x08000190   0x08000190   0x00000034   Code   RO         2265    !!!scatter          c_w.l(__scatter.o)
    0x080001c4   0x080001c4   0x0000001a   Code   RO         2267    !!handler_copy      c_w.l(__scatter_copy.o)
    0x080001de   0x080001de   0x00000002   PAD
    0x080001e0   0x080001e0   0x0000001c   Code   RO         2269    !!handler_zi        c_w.l(__scatter_zi.o)
    0x080001fc   0x080001fc   0x00000002   Code   RO         2127    .ARM.Collect$$libinit$$00000000  c_w.l(libinit.o)
    0x080001fe   0x080001fe   0x00000004   Code   RO         2139    .ARM.Collect$$libinit$$00000001  c_w.l(libinit2.o)
    0x08000202   0x08000202   0x00000000   Code   RO         2142    .ARM.Collect$$libinit$$00000004  c_w.l(libinit2.o)
    0x08000202   0x08000202   0x00000000   Code   RO         2144    .ARM.Collect$$libinit$$00000006  c_w.l(libinit2.o)
    0x08000202   0x08000202   0x00000000   Code   RO         2147    .ARM.Collect$$libinit$$0000000C  c_w.l(libinit2.o)
    0x08000202   0x08000202   0x00000000   Code   RO         2149    .ARM.Collect$$libinit$$0000000E  c_w.l(libinit2.o)
    0x08000202   0x08000202   0x00000000   Code   RO         2151    .ARM.Collect$$libinit$$00000010  c_w.l(libinit2.o)
    0x08000202   0x08000202   0x00000000   Code   RO         2154    .ARM.Collect$$libinit$$00000013  c_w.l(libinit2.o)
    0x08000202   0x08000202   0x00000000   Code   RO         2156    .ARM.Collect$$libinit$$00000015  c_w.l(libinit2.o)
    0x08000202   0x08000202   0x00000000   Code   RO         2158    .ARM.Collect$$libinit$$00000017  c_w.l(libinit2.o)
    0x08000202   0x08000202   0x00000000   Code   RO         2160    .ARM.Collect$$libinit$$00000019  c_w.l(libinit2.o)
    0x08000202   0x08000202   0x00000000   Code   RO         2162    .ARM.Collect$$libinit$$0000001B  c_w.l(libinit2.o)
    0x08000202   0x08000202   0x00000000   Code   RO         2164    .ARM.Collect$$libinit$$0000001D  c_w.l(libinit2.o)
    0x08000202   0x08000202   0x00000000   Code   RO         2166    .ARM.Collect$$libinit$$0000001F  c_w.l(libinit2.o)
    0x08000202   0x08000202   0x00000000   Code   RO         2168    .ARM.Collect$$libinit$$00000021  c_w.l(libinit2.o)
    0x08000202   0x08000202   0x00000000   Code   RO         2170    .ARM.Collect$$libinit$$00000023  c_w.l(libinit2.o)
    0x08000202   0x08000202   0x00000000   Code   RO         2172    .ARM.Collect$$libinit$$00000025  c_w.l(libinit2.o)
    0x08000202   0x08000202   0x00000000   Code   RO         2174    .ARM.Collect$$libinit$$00000027  c_w.l(libinit2.o)
    0x08000202   0x08000202   0x00000000   Code   RO         2178    .ARM.Collect$$libinit$$0000002E  c_w.l(libinit2.o)
    0x08000202   0x08000202   0x00000000   Code   RO         2180    .ARM.Collect$$libinit$$00000030  c_w.l(libinit2.o)
    0x08000202   0x08000202   0x00000000   Code   RO         2182    .ARM.Collect$$libinit$$00000032  c_w.l(libinit2.o)
    0x08000202   0x08000202   0x00000000   Code   RO         2184    .ARM.Collect$$libinit$$00000034  c_w.l(libinit2.o)
    0x08000202   0x08000202   0x00000002   Code   RO         2185    .ARM.Collect$$libinit$$00000035  c_w.l(libinit2.o)
    0x08000204   0x08000204   0x00000002   Code   RO         2220    .ARM.Collect$$libshutdown$$00000000  c_w.l(libshutdown.o)
    0x08000206   0x08000206   0x00000000   Code   RO         2248    .ARM.Collect$$libshutdown$$00000002  c_w.l(libshutdown2.o)
    0x08000206   0x08000206   0x00000000   Code   RO         2250    .ARM.Collect$$libshutdown$$00000004  c_w.l(libshutdown2.o)
    0x08000206   0x08000206   0x00000000   Code   RO         2253    .ARM.Collect$$libshutdown$$00000007  c_w.l(libshutdown2.o)
    0x08000206   0x08000206   0x00000000   Code   RO         2256    .ARM.Collect$$libshutdown$$0000000A  c_w.l(libshutdown2.o)
    0x08000206   0x08000206   0x00000000   Code   RO         2258    .ARM.Collect$$libshutdown$$0000000C  c_w.l(libshutdown2.o)
    0x08000206   0x08000206   0x00000000   Code   RO         2261    .ARM.Collect$$libshutdown$$0000000F  c_w.l(libshutdown2.o)
    0x08000206   0x08000206   0x00000002   Code   RO         2262    .ARM.Collect$$libshutdown$$00000010  c_w.l(libshutdown2.o)
    0x08000208   0x08000208   0x00000000   Code   RO         2073    .ARM.Collect$$rtentry$$00000000  c_w.l(__rtentry.o)
    0x08000208   0x08000208   0x00000000   Code   RO         2096    .ARM.Collect$$rtentry$$00000002  c_w.l(__rtentry2.o)
    0x08000208   0x08000208   0x00000006   Code   RO         2108    .ARM.Collect$$rtentry$$00000004  c_w.l(__rtentry4.o)
    0x0800020e   0x0800020e   0x00000000   Code   RO         2098    .ARM.Collect$$rtentry$$00000009  c_w.l(__rtentry2.o)
    0x0800020e   0x0800020e   0x00000004   Code   RO         2099    .ARM.Collect$$rtentry$$0000000A  c_w.l(__rtentry2.o)
    0x08000212   0x08000212   0x00000000   Code   RO         2101    .ARM.Collect$$rtentry$$0000000C  c_w.l(__rtentry2.o)
    0x08000212   0x08000212   0x00000008   Code   RO         2102    .ARM.Collect$$rtentry$$0000000D  c_w.l(__rtentry2.o)
    0x0800021a   0x0800021a   0x00000002   Code   RO         2131    .ARM.Collect$$rtexit$$00000000  c_w.l(rtexit.o)
    0x0800021c   0x0800021c   0x00000000   Code   RO         2191    .ARM.Collect$$rtexit$$00000002  c_w.l(rtexit2.o)
    0x0800021c   0x0800021c   0x00000004   Code   RO         2192    .ARM.Collect$$rtexit$$00000003  c_w.l(rtexit2.o)
    0x08000220   0x08000220   0x00000006   Code   RO         2193    .ARM.Collect$$rtexit$$00000004  c_w.l(rtexit2.o)
    0x08000226   0x08000226   0x00000002   PAD
    0x08000228   0x08000228   0x00000040   Code   RO            4    .text               startup_stm32f405xx.o
    0x08000268   0x08000268   0x000000f0   Code   RO         2039    .text               c_w.l(lludivv7m.o)
    0x08000358   0x08000358   0x0000008a   Code   RO         2041    .text               c_w.l(rt_memcpy_v6.o)
    0x080003e2   0x080003e2   0x00000010   Code   RO         2045    .text               c_w.l(aeabi_memset4.o)
    0x080003f2   0x080003f2   0x0000004e   Code   RO         2049    .text               c_w.l(rt_memclr_w.o)
    0x08000440   0x08000440   0x00000006   Code   RO         2051    .text               c_w.l(heapauxi.o)
    0x08000446   0x08000446   0x00000064   Code   RO         2078    .text               c_w.l(rt_memcpy_w.o)
    0x080004aa   0x080004aa   0x0000004a   Code   RO         2114    .text               c_w.l(sys_stackheap_outer.o)
    0x080004f4   0x080004f4   0x00000012   Code   RO         2116    .text               c_w.l(exit.o)
    0x08000506   0x08000506   0x00000002   PAD
    0x08000508   0x08000508   0x00000008   Code   RO         2128    .text               c_w.l(libspace.o)
    0x08000510   0x08000510   0x0000000c   Code   RO         2186    .text               c_w.l(sys_exit.o)
    0x0800051c   0x0800051c   0x00000002   Code   RO         2209    .text               c_w.l(use_no_semi.o)
    0x0800051e   0x0800051e   0x00000000   Code   RO         2211    .text               c_w.l(indicate_semi.o)
    0x0800051e   0x0800051e   0x00000002   PAD
    0x08000520   0x08000520   0x00000004   Code   RO          121    .text.BusFault_Handler  stm32f4xx_it.o
    0x08000524   0x08000524   0x00000010   Code   RO          127    .text.CAN1_RX0_IRQHandler  stm32f4xx_it.o
    0x08000534   0x08000534   0x00000010   Code   RO          129    .text.CAN1_RX1_IRQHandler  stm32f4xx_it.o
    0x08000544   0x08000544   0x00000010   Code   RO          141    .text.CAN2_RX0_IRQHandler  stm32f4xx_it.o
    0x08000554   0x08000554   0x00000010   Code   RO          143    .text.CAN2_RX1_IRQHandler  stm32f4xx_it.o
    0x08000564   0x08000564   0x00000024   Code   RO         1844    .text.CANTransmit_Task  myostask.o
    0x08000588   0x08000588   0x0000001c   Code   RO         1904    .text.DEG2N         zdrive.o
    0x080005a4   0x080005a4   0x000000c4   Code   RO         1848    .text.DJIProcess_Task  myostask.o
    0x08000668   0x08000668   0x000000f6   Code   RO         1999    .text.DJI_func      djidrive.o
    0x0800075e   0x0800075e   0x00000002   PAD
    0x08000760   0x08000760   0x00000046   Code   RO         1863    .text.DJIcan_transmit  can_transmit.o
    0x080007a6   0x080007a6   0x00000002   PAD
    0x080007a8   0x080007a8   0x00000010   Code   RO          139    .text.DMA2_Stream2_IRQHandler  stm32f4xx_it.o
    0x080007b8   0x080007b8   0x00000010   Code   RO          145    .text.DMA2_Stream7_IRQHandler  stm32f4xx_it.o
    0x080007c8   0x080007c8   0x00000056   Code   RO          433    .text.DMA_CalcBaseAndBitshift  stm32f4xx_hal_dma.o
    0x0800081e   0x0800081e   0x00000002   PAD
    0x08000820   0x08000820   0x000000f0   Code   RO          431    .text.DMA_CheckFifoParam  stm32f4xx_hal_dma.o
    0x08000910   0x08000910   0x00000050   Code   RO          439    .text.DMA_SetConfig  stm32f4xx_hal_dma.o
    0x08000960   0x08000960   0x00000032   Code   RO         1914    .text.DeQueue       zdrive.o
    0x08000992   0x08000992   0x00000002   PAD
    0x08000994   0x08000994   0x00000002   Code   RO          125    .text.DebugMon_Handler  stm32f4xx_it.o
    0x08000996   0x08000996   0x00000002   PAD
    0x08000998   0x08000998   0x0000000c   Code   RO          137    .text.EXTI15_10_IRQHandler  stm32f4xx_it.o
    0x080009a4   0x080009a4   0x0000006c   Code   RO         1912    .text.EnQueue       zdrive.o
    0x08000a10   0x08000a10   0x00000006   Code   RO           15    .text.Error_Handler  main.o
    0x08000a16   0x08000a16   0x00000002   PAD
    0x08000a18   0x08000a18   0x00000158   Code   RO         1989    .text.Get_MotorVal_Feedback  djidrive.o
    0x08000b70   0x08000b70   0x00000052   Code   RO          210    .text.HAL_CAN_ActivateNotification  stm32f4xx_hal_can.o
    0x08000bc2   0x08000bc2   0x00000002   PAD
    0x08000bc4   0x08000bc4   0x00000156   Code   RO          196    .text.HAL_CAN_AddTxMessage  stm32f4xx_hal_can.o
    0x08000d1a   0x08000d1a   0x00000002   PAD
    0x08000d1c   0x08000d1c   0x0000019e   Code   RO          186    .text.HAL_CAN_ConfigFilter  stm32f4xx_hal_can.o
    0x08000eba   0x08000eba   0x00000002   PAD
    0x08000ebc   0x08000ebc   0x00000008   Code   RO          240    .text.HAL_CAN_ErrorCallback  stm32f4xx_hal_can.o
    0x08000ec4   0x08000ec4   0x00000212   Code   RO          206    .text.HAL_CAN_GetRxMessage  stm32f4xx_hal_can.o
    0x080010d6   0x080010d6   0x00000002   PAD
    0x080010d8   0x080010d8   0x000003f2   Code   RO          214    .text.HAL_CAN_IRQHandler  stm32f4xx_hal_can.o
    0x080014ca   0x080014ca   0x00000002   PAD
    0x080014cc   0x080014cc   0x000001de   Code   RO          176    .text.HAL_CAN_Init  stm32f4xx_hal_can.o
    0x080016aa   0x080016aa   0x00000002   PAD
    0x080016ac   0x080016ac   0x000001b0   Code   RO           61    .text.HAL_CAN_MspInit  can.o
    0x0800185c   0x0800185c   0x00000008   Code   RO          228    .text.HAL_CAN_RxFifo0FullCallback  stm32f4xx_hal_can.o
    0x08001864   0x08001864   0x00000068   Code   RO         1857    .text.HAL_CAN_RxFifo0MsgPendingCallback  can_transmit.o
    0x080018cc   0x080018cc   0x00000008   Code   RO          232    .text.HAL_CAN_RxFifo1FullCallback  stm32f4xx_hal_can.o
    0x080018d4   0x080018d4   0x0000008e   Code   RO         1859    .text.HAL_CAN_RxFifo1MsgPendingCallback  can_transmit.o
    0x08001962   0x08001962   0x00000002   PAD
    0x08001964   0x08001964   0x00000008   Code   RO          236    .text.HAL_CAN_SleepCallback  stm32f4xx_hal_can.o
    0x0800196c   0x0800196c   0x0000008a   Code   RO          188    .text.HAL_CAN_Start  stm32f4xx_hal_can.o
    0x080019f6   0x080019f6   0x00000002   PAD
    0x080019f8   0x080019f8   0x00000008   Code   RO          218    .text.HAL_CAN_TxMailbox0AbortCallback  stm32f4xx_hal_can.o
    0x08001a00   0x08001a00   0x00000008   Code   RO          216    .text.HAL_CAN_TxMailbox0CompleteCallback  stm32f4xx_hal_can.o
    0x08001a08   0x08001a08   0x00000008   Code   RO          222    .text.HAL_CAN_TxMailbox1AbortCallback  stm32f4xx_hal_can.o
    0x08001a10   0x08001a10   0x00000008   Code   RO          220    .text.HAL_CAN_TxMailbox1CompleteCallback  stm32f4xx_hal_can.o
    0x08001a18   0x08001a18   0x00000008   Code   RO          226    .text.HAL_CAN_TxMailbox2AbortCallback  stm32f4xx_hal_can.o
    0x08001a20   0x08001a20   0x00000008   Code   RO          224    .text.HAL_CAN_TxMailbox2CompleteCallback  stm32f4xx_hal_can.o
    0x08001a28   0x08001a28   0x00000008   Code   RO          238    .text.HAL_CAN_WakeUpFromRxMsgCallback  stm32f4xx_hal_can.o
    0x08001a30   0x08001a30   0x000000ec   Code   RO          443    .text.HAL_DMA_Abort  stm32f4xx_hal_dma.o
    0x08001b1c   0x08001b1c   0x00000044   Code   RO          445    .text.HAL_DMA_Abort_IT  stm32f4xx_hal_dma.o
    0x08001b60   0x08001b60   0x0000031e   Code   RO          449    .text.HAL_DMA_IRQHandler  stm32f4xx_hal_dma.o
    0x08001e7e   0x08001e7e   0x00000002   PAD
    0x08001e80   0x08001e80   0x0000016e   Code   RO          429    .text.HAL_DMA_Init  stm32f4xx_hal_dma.o
    0x08001fee   0x08001fee   0x00000002   PAD
    0x08001ff0   0x08001ff0   0x000000c2   Code   RO          441    .text.HAL_DMA_Start_IT  stm32f4xx_hal_dma.o
    0x080020b2   0x080020b2   0x00000002   PAD
    0x080020b4   0x080020b4   0x00000034   Code   RO         1968    .text.HAL_GPIO_EXTI_Callback  gpio_exit.o
    0x080020e8   0x080020e8   0x00000038   Code   RO          403    .text.HAL_GPIO_EXTI_IRQHandler  stm32f4xx_hal_gpio.o
    0x08002120   0x08002120   0x000003b6   Code   RO          391    .text.HAL_GPIO_Init  stm32f4xx_hal_gpio.o
    0x080024d6   0x080024d6   0x00000002   PAD
    0x080024d8   0x080024d8   0x0000002e   Code   RO          397    .text.HAL_GPIO_WritePin  stm32f4xx_hal_gpio.o
    0x08002506   0x08002506   0x00000002   PAD
    0x08002508   0x08002508   0x0000000c   Code   RO          616    .text.HAL_GetTick   stm32f4xx_hal.o
    0x08002514   0x08002514   0x0000001a   Code   RO          614    .text.HAL_IncTick   stm32f4xx_hal.o
    0x0800252e   0x0800252e   0x00000002   PAD
    0x08002530   0x08002530   0x00000036   Code   RO          604    .text.HAL_Init      stm32f4xx_hal.o
    0x08002566   0x08002566   0x00000002   PAD
    0x08002568   0x08002568   0x000000da   Code   RO          162    .text.HAL_InitTick  stm32f4xx_hal_timebase_tim.o
    0x08002642   0x08002642   0x00000002   PAD
    0x08002644   0x08002644   0x00000058   Code   RO          154    .text.HAL_MspInit   stm32f4xx_hal_msp.o
    0x0800269c   0x0800269c   0x00000014   Code   RO          539    .text.HAL_NVIC_EnableIRQ  stm32f4xx_hal_cortex.o
    0x080026b0   0x080026b0   0x00000032   Code   RO          531    .text.HAL_NVIC_SetPriority  stm32f4xx_hal_cortex.o
    0x080026e2   0x080026e2   0x00000002   PAD
    0x080026e4   0x080026e4   0x00000010   Code   RO          527    .text.HAL_NVIC_SetPriorityGrouping  stm32f4xx_hal_cortex.o
    0x080026f4   0x080026f4   0x00000262   Code   RO          259    .text.HAL_RCC_ClockConfig  stm32f4xx_hal_rcc.o
    0x08002956   0x08002956   0x00000002   PAD
    0x08002958   0x08002958   0x00000054   Code   RO          277    .text.HAL_RCC_GetClockConfig  stm32f4xx_hal_rcc.o
    0x080029ac   0x080029ac   0x0000000c   Code   RO          269    .text.HAL_RCC_GetHCLKFreq  stm32f4xx_hal_rcc.o
    0x080029b8   0x080029b8   0x00000022   Code   RO          271    .text.HAL_RCC_GetPCLK1Freq  stm32f4xx_hal_rcc.o
    0x080029da   0x080029da   0x00000002   PAD
    0x080029dc   0x080029dc   0x00000022   Code   RO          273    .text.HAL_RCC_GetPCLK2Freq  stm32f4xx_hal_rcc.o
    0x080029fe   0x080029fe   0x00000002   PAD
    0x08002a00   0x08002a00   0x000000e6   Code   RO          261    .text.HAL_RCC_GetSysClockFreq  stm32f4xx_hal_rcc.o
    0x08002ae6   0x08002ae6   0x00000002   PAD
    0x08002ae8   0x08002ae8   0x000006be   Code   RO          257    .text.HAL_RCC_OscConfig  stm32f4xx_hal_rcc.o
    0x080031a6   0x080031a6   0x00000002   PAD
    0x080031a8   0x080031a8   0x00000008   Code   RO         1016    .text.HAL_TIMEx_BreakCallback  stm32f4xx_hal_tim_ex.o
    0x080031b0   0x080031b0   0x00000008   Code   RO         1012    .text.HAL_TIMEx_CommutCallback  stm32f4xx_hal_tim_ex.o
    0x080031b8   0x080031b8   0x00000122   Code   RO         1006    .text.HAL_TIMEx_MasterConfigSynchronization  stm32f4xx_hal_tim_ex.o
    0x080032da   0x080032da   0x00000002   PAD
    0x080032dc   0x080032dc   0x0000009c   Code   RO          693    .text.HAL_TIM_Base_Init  stm32f4xx_hal_tim.o
    0x08003378   0x08003378   0x00000052   Code   RO           87    .text.HAL_TIM_Base_MspInit  tim.o
    0x080033ca   0x080033ca   0x00000002   PAD
    0x080033cc   0x080033cc   0x000000f6   Code   RO          707    .text.HAL_TIM_Base_Start_IT  stm32f4xx_hal_tim.o
    0x080034c2   0x080034c2   0x00000002   PAD
    0x080034c4   0x080034c4   0x00000184   Code   RO          885    .text.HAL_TIM_ConfigClockSource  stm32f4xx_hal_tim.o
    0x08003648   0x08003648   0x00000008   Code   RO          829    .text.HAL_TIM_IC_CaptureCallback  stm32f4xx_hal_tim.o
    0x08003650   0x08003650   0x0000021a   Code   RO          827    .text.HAL_TIM_IRQHandler  stm32f4xx_hal_tim.o
    0x0800386a   0x0800386a   0x00000002   PAD
    0x0800386c   0x0800386c   0x00000068   Code   RO           85    .text.HAL_TIM_MspPostInit  tim.o
    0x080038d4   0x080038d4   0x00000008   Code   RO          831    .text.HAL_TIM_OC_DelayElapsedCallback  stm32f4xx_hal_tim.o
    0x080038dc   0x080038dc   0x00000142   Code   RO          859    .text.HAL_TIM_PWM_ConfigChannel  stm32f4xx_hal_tim.o
    0x08003a1e   0x08003a1e   0x00000002   PAD
    0x08003a20   0x08003a20   0x0000009c   Code   RO          747    .text.HAL_TIM_PWM_Init  stm32f4xx_hal_tim.o
    0x08003abc   0x08003abc   0x00000008   Code   RO          749    .text.HAL_TIM_PWM_MspInit  stm32f4xx_hal_tim.o
    0x08003ac4   0x08003ac4   0x00000008   Code   RO          833    .text.HAL_TIM_PWM_PulseFinishedCallback  stm32f4xx_hal_tim.o
    0x08003acc   0x08003acc   0x00000026   Code   RO           17    .text.HAL_TIM_PeriodElapsedCallback  main.o
    0x08003af2   0x08003af2   0x00000002   PAD
    0x08003af4   0x08003af4   0x00000008   Code   RO          837    .text.HAL_TIM_TriggerCallback  stm32f4xx_hal_tim.o
    0x08003afc   0x08003afc   0x000000b8   Code   RO         1083    .text.HAL_UARTEx_ReceiveToIdle_DMA  stm32f4xx_hal_uart.o
    0x08003bb4   0x08003bb4   0x000000a6   Code   RO         1878    .text.HAL_UARTEx_RxEventCallback  uart_transmit.o
    0x08003c5a   0x08003c5a   0x00000002   PAD
    0x08003c5c   0x08003c5c   0x00000008   Code   RO         1119    .text.HAL_UART_ErrorCallback  stm32f4xx_hal_uart.o
    0x08003c64   0x08003c64   0x0000045c   Code   RO         1113    .text.HAL_UART_IRQHandler  stm32f4xx_hal_uart.o
    0x080040c0   0x080040c0   0x0000009e   Code   RO         1029    .text.HAL_UART_Init  stm32f4xx_hal_uart.o
    0x0800415e   0x0800415e   0x00000002   PAD
    0x08004160   0x08004160   0x00000180   Code   RO          101    .text.HAL_UART_MspInit  usart.o
    0x080042e0   0x080042e0   0x00000008   Code   RO         1131    .text.HAL_UART_RxCpltCallback  stm32f4xx_hal_uart.o
    0x080042e8   0x080042e8   0x00000008   Code   RO         1133    .text.HAL_UART_RxHalfCpltCallback  stm32f4xx_hal_uart.o
    0x080042f0   0x080042f0   0x00000008   Code   RO         1127    .text.HAL_UART_TxCpltCallback  stm32f4xx_hal_uart.o
    0x080042f8   0x080042f8   0x00000004   Code   RO          117    .text.HardFault_Handler  stm32f4xx_it.o
    0x080042fc   0x080042fc   0x000000e0   Code   RO           57    .text.MX_CAN1_Init  can.o
    0x080043dc   0x080043dc   0x0000004e   Code   RO           59    .text.MX_CAN2_Init  can.o
    0x0800442a   0x0800442a   0x00000002   PAD
    0x0800442c   0x0800442c   0x00000052   Code   RO           75    .text.MX_DMA_Init   dma.o
    0x0800447e   0x0800447e   0x00000002   PAD
    0x08004480   0x08004480   0x0000006a   Code   RO           35    .text.MX_FREERTOS_Init  freertos.o
    0x080044ea   0x080044ea   0x00000002   PAD
    0x080044ec   0x080044ec   0x000000fe   Code   RO           27    .text.MX_GPIO_Init  gpio.o
    0x080045ea   0x080045ea   0x00000002   PAD
    0x080045ec   0x080045ec   0x000000f2   Code   RO           83    .text.MX_TIM3_Init  tim.o
    0x080046de   0x080046de   0x00000002   PAD
    0x080046e0   0x080046e0   0x00000040   Code   RO           99    .text.MX_USART1_UART_Init  usart.o
    0x08004720   0x08004720   0x00000004   Code   RO          119    .text.MemManage_Handler  stm32f4xx_it.o
    0x08004724   0x08004724   0x0000001c   Code   RO         1902    .text.N2DEG         zdrive.o
    0x08004740   0x08004740   0x00000004   Code   RO          115    .text.NMI_Handler   stm32f4xx_it.o
    0x08004744   0x08004744   0x0000006c   Code   RO          537    .text.NVIC_EncodePriority  stm32f4xx_hal_cortex.o
    0x080047b0   0x080047b0   0x00000160   Code   RO         2030    .text.PID_Process   pid.o
    0x08004910   0x08004910   0x00000064   Code   RO         1828    .text.PendSV_Handler  port.o
    0x08004974   0x08004974   0x0000001c   Code   RO         1910    .text.QueueInit     zdrive.o
    0x08004990   0x08004990   0x00000024   Code   RO         1812    .text.SVC_Handler   port.o
    0x080049b4   0x080049b4   0x0000000e   Code   RO         1608    .text.SVC_Setup     cmsis_os2.o
    0x080049c2   0x080049c2   0x00000002   PAD
    0x080049c4   0x080049c4   0x0000001e   Code   RO         1598    .text.SysTick_Handler  cmsis_os2.o
    0x080049e2   0x080049e2   0x00000002   PAD
    0x080049e4   0x080049e4   0x000000be   Code   RO           13    .text.SystemClock_Config  main.o
    0x08004aa2   0x08004aa2   0x00000002   PAD
    0x08004aa4   0x08004aa4   0x00000012   Code   RO         1160    .text.SystemInit    system_stm32f4xx.o
    0x08004ab6   0x08004ab6   0x00000002   PAD
    0x08004ab8   0x08004ab8   0x00000010   Code   RO          131    .text.TIM1_UP_TIM10_IRQHandler  stm32f4xx_it.o
    0x08004ac8   0x08004ac8   0x00000010   Code   RO          133    .text.TIM3_IRQHandler  stm32f4xx_it.o
    0x08004ad8   0x08004ad8   0x000001a4   Code   RO          697    .text.TIM_Base_SetConfig  stm32f4xx_hal_tim.o
    0x08004c7c   0x08004c7c   0x00000034   Code   RO          883    .text.TIM_ETR_SetConfig  stm32f4xx_hal_tim.o
    0x08004cb0   0x08004cb0   0x0000002a   Code   RO          889    .text.TIM_ITRx_SetConfig  stm32f4xx_hal_tim.o
    0x08004cda   0x08004cda   0x00000002   PAD
    0x08004cdc   0x08004cdc   0x000000ea   Code   RO          841    .text.TIM_OC1_SetConfig  stm32f4xx_hal_tim.o
    0x08004dc6   0x08004dc6   0x00000002   PAD
    0x08004dc8   0x08004dc8   0x000000f4   Code   RO          843    .text.TIM_OC2_SetConfig  stm32f4xx_hal_tim.o
    0x08004ebc   0x08004ebc   0x000000f2   Code   RO          845    .text.TIM_OC3_SetConfig  stm32f4xx_hal_tim.o
    0x08004fae   0x08004fae   0x00000002   PAD
    0x08004fb0   0x08004fb0   0x000000a4   Code   RO          847    .text.TIM_OC4_SetConfig  stm32f4xx_hal_tim.o
    0x08005054   0x08005054   0x00000040   Code   RO         1890    .text.TIM_PeriodElapsedCallback  tim_exit.o
    0x08005094   0x08005094   0x00000050   Code   RO          887    .text.TIM_TI1_ConfigInputStage  stm32f4xx_hal_tim.o
    0x080050e4   0x080050e4   0x00000052   Code   RO          891    .text.TIM_TI2_ConfigInputStage  stm32f4xx_hal_tim.o
    0x08005136   0x08005136   0x00000002   PAD
    0x08005138   0x08005138   0x0000001c   Code   RO         1117    .text.UART_DMAAbortOnError  stm32f4xx_hal_uart.o
    0x08005154   0x08005154   0x0000007c   Code   RO         1063    .text.UART_DMAError  stm32f4xx_hal_uart.o
    0x080051d0   0x080051d0   0x000000f4   Code   RO         1149    .text.UART_DMAReceiveCplt  stm32f4xx_hal_uart.o
    0x080052c4   0x080052c4   0x00000034   Code   RO         1151    .text.UART_DMARxHalfCplt  stm32f4xx_hal_uart.o
    0x080052f8   0x080052f8   0x00000094   Code   RO         1077    .text.UART_EndRxTransfer  stm32f4xx_hal_uart.o
    0x0800538c   0x0800538c   0x00000026   Code   RO         1125    .text.UART_EndTransmit_IT  stm32f4xx_hal_uart.o
    0x080053b2   0x080053b2   0x00000002   PAD
    0x080053b4   0x080053b4   0x00000036   Code   RO         1075    .text.UART_EndTxTransfer  stm32f4xx_hal_uart.o
    0x080053ea   0x080053ea   0x00000002   PAD
    0x080053ec   0x080053ec   0x00000168   Code   RO         1115    .text.UART_Receive_IT  stm32f4xx_hal_uart.o
    0x08005554   0x08005554   0x0000013a   Code   RO         1033    .text.UART_SetConfig  stm32f4xx_hal_uart.o
    0x0800568e   0x0800568e   0x00000002   PAD
    0x08005690   0x08005690   0x00000130   Code   RO         1067    .text.UART_Start_Receive_DMA  stm32f4xx_hal_uart.o
    0x080057c0   0x080057c0   0x00000094   Code   RO         1123    .text.UART_Transmit_IT  stm32f4xx_hal_uart.o
    0x08005854   0x08005854   0x00000010   Code   RO          135    .text.USART1_IRQHandler  stm32f4xx_it.o
    0x08005864   0x08005864   0x00000004   Code   RO          123    .text.UsageFault_Handler  stm32f4xx_it.o
    0x08005868   0x08005868   0x00000070   Code   RO         1861    .text.Zcan_transmit  can_transmit.o
    0x080058d8   0x080058d8   0x00000042   Code   RO         1922    .text.ZdriveAsk     zdrive.o
    0x0800591a   0x0800591a   0x00000002   PAD
    0x0800591c   0x0800591c   0x000000ae   Code   RO         1936    .text.ZdriveFunc    zdrive.o
    0x080059ca   0x080059ca   0x00000002   PAD
    0x080059cc   0x080059cc   0x000000f0   Code   RO         1916    .text.ZdriveInit    zdrive.o
    0x08005abc   0x08005abc   0x0000003e   Code   RO         1846    .text.ZdriveProcess_Task  myostask.o
    0x08005afa   0x08005afa   0x00000002   PAD
    0x08005afc   0x08005afc   0x00000328   Code   RO         1920    .text.ZdriveReceive  zdrive.o
    0x08005e24   0x08005e24   0x000000f4   Code   RO         1918    .text.ZdriveSet     zdrive.o
    0x08005f18   0x08005f18   0x000000a8   Code   RO         1924    .text.ZdriveSetPVT  zdrive.o
    0x08005fc0   0x08005fc0   0x00000014   Code   RO         1938    .text.Zdrive_ErrHandle  zdrive.o
    0x08005fd4   0x08005fd4   0x00000004   PAD
    0x08005fd8   0x08005fd8   0x00000198   Code   RO         1942    .text.Zdrive_RunMachine  zdrive.o
    0x08006170   0x08006170   0x00000070   Code   RO         1940    .text.Zdrive_SwitchMachine  zdrive.o
    0x080061e0   0x080061e0   0x00000030   Code   RO          541    .text.__NVIC_EnableIRQ  stm32f4xx_hal_cortex.o
    0x08006210   0x08006210   0x00000010   Code   RO          533    .text.__NVIC_GetPriorityGrouping  stm32f4xx_hal_cortex.o
    0x08006220   0x08006220   0x00000042   Code   RO          535    .text.__NVIC_SetPriority  stm32f4xx_hal_cortex.o
    0x08006262   0x08006262   0x00000002   PAD
    0x08006264   0x08006264   0x00000042   Code   RO         1762    .text.__NVIC_SetPriority  cmsis_os2.o
    0x080062a6   0x080062a6   0x00000002   PAD
    0x080062a8   0x080062a8   0x0000003c   Code   RO          529    .text.__NVIC_SetPriorityGrouping  stm32f4xx_hal_cortex.o
    0x080062e4   0x080062e4   0x00000026   Code   RO         1908    .text.isQueueEmpty  zdrive.o
    0x0800630a   0x0800630a   0x00000002   PAD
    0x0800630c   0x0800630c   0x00000028   Code   RO         1906    .text.isQueueFull   zdrive.o
    0x08006334   0x08006334   0x00000038   Code   RO           11    .text.main          main.o
    0x0800636c   0x0800636c   0x00000026   Code   RO         1993    .text.motor_pid_init  djidrive.o
    0x08006392   0x08006392   0x00000002   PAD
    0x08006394   0x08006394   0x0000003c   Code   RO         1991    .text.motor_set_init  djidrive.o
    0x080063d0   0x080063d0   0x00000046   Code   RO         1600    .text.osKernelInitialize  cmsis_os2.o
    0x08006416   0x08006416   0x00000002   PAD
    0x08006418   0x08006418   0x00000052   Code   RO         1606    .text.osKernelStart  cmsis_os2.o
    0x0800646a   0x0800646a   0x00000002   PAD
    0x0800646c   0x0800646c   0x0000015a   Code   RO         1630    .text.osThreadNew   cmsis_os2.o
    0x080065c6   0x080065c6   0x00000002   PAD
    0x080065c8   0x080065c8   0x000000d4   Code   RO         1392    .text.prvAddCurrentTaskToDelayedList  tasks.o
    0x0800669c   0x0800669c   0x00000122   Code   RO         1378    .text.prvAddNewTaskToReadyList  tasks.o
    0x080067be   0x080067be   0x00000002   PAD
    0x080067c0   0x080067c0   0x000000a2   Code   RO         1529    .text.prvCheckForValidListAndQueue  timers.o
    0x08006862   0x08006862   0x00000002   PAD
    0x08006864   0x08006864   0x0000005a   Code   RO         1496    .text.prvCheckTasksWaitingTermination  tasks.o
    0x080068be   0x080068be   0x00000002   PAD
    0x080068c0   0x080068c0   0x00000042   Code   RO         1271    .text.prvCopyDataFromQueue  queue.o
    0x08006902   0x08006902   0x00000002   PAD
    0x08006904   0x08006904   0x000000cc   Code   RO         1259    .text.prvCopyDataToQueue  queue.o
    0x080069d0   0x080069d0   0x0000005e   Code   RO         1384    .text.prvDeleteTCB  tasks.o
    0x08006a2e   0x08006a2e   0x00000002   PAD
    0x08006a30   0x08006a30   0x00000040   Code   RO         1567    .text.prvGetNextExpireTime  timers.o
    0x08006a70   0x08006a70   0x000000bc   Code   RO         1779    .text.prvHeapInit   heap_4.o
    0x08006b2c   0x08006b2c   0x00000038   Code   RO         1418    .text.prvIdleTask   tasks.o
    0x08006b64   0x08006b64   0x00000048   Code   RO         1233    .text.prvInitialiseNewQueue  queue.o
    0x08006bac   0x08006bac   0x00000122   Code   RO         1376    .text.prvInitialiseNewTask  tasks.o
    0x08006cce   0x08006cce   0x00000002   PAD
    0x08006cd0   0x08006cd0   0x0000008e   Code   RO         1494    .text.prvInitialiseTaskLists  tasks.o
    0x08006d5e   0x08006d5e   0x00000002   PAD
    0x08006d60   0x08006d60   0x000000c6   Code   RO         1781    .text.prvInsertBlockIntoFreeList  heap_4.o
    0x08006e26   0x08006e26   0x00000002   PAD
    0x08006e28   0x08006e28   0x00000086   Code   RO         1579    .text.prvInsertTimerInActiveList  timers.o
    0x08006eae   0x08006eae   0x00000002   PAD
    0x08006eb0   0x08006eb0   0x00000028   Code   RO         1273    .text.prvIsQueueEmpty  queue.o
    0x08006ed8   0x08006ed8   0x0000002e   Code   RO         1261    .text.prvIsQueueFull  queue.o
    0x08006f06   0x08006f06   0x00000002   PAD
    0x08006f08   0x08006f08   0x00000028   Code   RO         1820    .text.prvPortStartFirstTask  port.o
    0x08006f30   0x08006f30   0x0000008e   Code   RO         1575    .text.prvProcessExpiredTimer  timers.o
    0x08006fbe   0x08006fbe   0x00000002   PAD
    0x08006fc0   0x08006fc0   0x00000192   Code   RO         1571    .text.prvProcessReceivedCommands  timers.o
    0x08007152   0x08007152   0x00000002   PAD
    0x08007154   0x08007154   0x0000009a   Code   RO         1569    .text.prvProcessTimerOrBlockTask  timers.o
    0x080071ee   0x080071ee   0x00000002   PAD
    0x080071f0   0x080071f0   0x00000046   Code   RO         1386    .text.prvResetNextTaskUnblockTime  tasks.o
    0x08007236   0x08007236   0x00000002   PAD
    0x08007238   0x08007238   0x00000044   Code   RO         1573    .text.prvSampleTimeNow  timers.o
    0x0800727c   0x0800727c   0x000000d4   Code   RO         1577    .text.prvSwitchTimerLists  timers.o
    0x08007350   0x08007350   0x0000004c   Code   RO         1810    .text.prvTaskExitError  port.o
    0x0800739c   0x0800739c   0x0000001e   Code   RO         1531    .text.prvTimerTask  timers.o
    0x080073ba   0x080073ba   0x00000002   PAD
    0x080073bc   0x080073bc   0x000000ae   Code   RO         1263    .text.prvUnlockQueue  queue.o
    0x0800746a   0x0800746a   0x00000002   PAD
    0x0800746c   0x0800746c   0x000001ec   Code   RO         1777    .text.pvPortMalloc  heap_4.o
    0x08007658   0x08007658   0x0000005e   Code   RO         1808    .text.pxPortInitialiseStack  port.o
    0x080076b6   0x080076b6   0x00000002   PAD
    0x080076b8   0x080076b8   0x00000048   Code   RO         1220    .text.uxListRemove  list.o
    0x08007700   0x08007700   0x0000002a   Code   RO         1758    .text.vApplicationGetIdleTaskMemory  cmsis_os2.o
    0x0800772a   0x0800772a   0x00000002   PAD
    0x0800772c   0x0800772c   0x0000002c   Code   RO         1760    .text.vApplicationGetTimerTaskMemory  cmsis_os2.o
    0x08007758   0x08007758   0x0000002e   Code   RO         1212    .text.vListInitialise  list.o
    0x08007786   0x08007786   0x00000002   PAD
    0x08007788   0x08007788   0x0000000e   Code   RO         1214    .text.vListInitialiseItem  list.o
    0x08007796   0x08007796   0x00000002   PAD
    0x08007798   0x08007798   0x0000006a   Code   RO         1218    .text.vListInsert   list.o
    0x08007802   0x08007802   0x00000002   PAD
    0x08007804   0x08007804   0x0000003a   Code   RO         1216    .text.vListInsertEnd  list.o
    0x0800783e   0x0800783e   0x00000002   PAD
    0x08007840   0x08007840   0x00000014   Code   RO         1818    .text.vPortEnableVFP  port.o
    0x08007854   0x08007854   0x00000056   Code   RO         1824    .text.vPortEnterCritical  port.o
    0x080078aa   0x080078aa   0x00000002   PAD
    0x080078ac   0x080078ac   0x0000004a   Code   RO         1826    .text.vPortExitCritical  port.o
    0x080078f6   0x080078f6   0x00000002   PAD
    0x080078f8   0x080078f8   0x000000ce   Code   RO         1783    .text.vPortFree     heap_4.o
    0x080079c6   0x080079c6   0x00000002   PAD
    0x080079c8   0x080079c8   0x00000044   Code   RO         1816    .text.vPortSetupTimerInterrupt  port.o
    0x08007a0c   0x08007a0c   0x00000084   Code   RO         1832    .text.vPortValidateInterruptPriority  port.o
    0x08007a90   0x08007a90   0x00000052   Code   RO         1303    .text.vQueueAddToRegistry  queue.o
    0x08007ae2   0x08007ae2   0x00000002   PAD
    0x08007ae4   0x08007ae4   0x00000064   Code   RO         1307    .text.vQueueWaitForMessageRestricted  queue.o
    0x08007b48   0x08007b48   0x00000114   Code   RO         1388    .text.vTaskDelayUntil  tasks.o
    0x08007c5c   0x08007c5c   0x00000024   Code   RO         1450    .text.vTaskInternalSetTimeOutState  tasks.o
    0x08007c80   0x08007c80   0x0000000e   Code   RO         1454    .text.vTaskMissedYield  tasks.o
    0x08007c8e   0x08007c8e   0x00000002   PAD
    0x08007c90   0x08007c90   0x00000042   Code   RO         1438    .text.vTaskPlaceOnEventList  tasks.o
    0x08007cd2   0x08007cd2   0x00000002   PAD
    0x08007cd4   0x08007cd4   0x00000052   Code   RO         1442    .text.vTaskPlaceOnEventListRestricted  tasks.o
    0x08007d26   0x08007d26   0x00000002   PAD
    0x08007d28   0x08007d28   0x000000e0   Code   RO         1416    .text.vTaskStartScheduler  tasks.o
    0x08007e08   0x08007e08   0x00000010   Code   RO         1390    .text.vTaskSuspendAll  tasks.o
    0x08007e18   0x08007e18   0x000000c6   Code   RO         1408    .text.vTaskSwitchContext  tasks.o
    0x08007ede   0x08007ede   0x00000002   PAD
    0x08007ee0   0x08007ee0   0x00000156   Code   RO         1814    .text.xPortStartScheduler  port.o
    0x08008036   0x08008036   0x00000002   PAD
    0x08008038   0x08008038   0x0000003c   Code   RO         1830    .text.xPortSysTickHandler  port.o
    0x08008074   0x08008074   0x0000010e   Code   RO         1231    .text.xQueueGenericCreateStatic  queue.o
    0x08008182   0x08008182   0x00000002   PAD
    0x08008184   0x08008184   0x000000ba   Code   RO         1229    .text.xQueueGenericReset  queue.o
    0x0800823e   0x0800823e   0x00000002   PAD
    0x08008240   0x08008240   0x0000022c   Code   RO         1249    .text.xQueueGenericSend  queue.o
    0x0800846c   0x0800846c   0x0000014c   Code   RO         1265    .text.xQueueGenericSendFromISR  queue.o
    0x080085b8   0x080085b8   0x000001dc   Code   RO         1269    .text.xQueueReceive  queue.o
    0x08008794   0x08008794   0x000000cc   Code   RO         1452    .text.xTaskCheckForTimeOut  tasks.o
    0x08008860   0x08008860   0x0000009e   Code   RO         1380    .text.xTaskCreate   tasks.o
    0x080088fe   0x080088fe   0x00000002   PAD
    0x08008900   0x08008900   0x000000ce   Code   RO         1374    .text.xTaskCreateStatic  tasks.o
    0x080089ce   0x080089ce   0x00000002   PAD
    0x080089d0   0x080089d0   0x00000038   Code   RO         1468    .text.xTaskGetSchedulerState  tasks.o
    0x08008a08   0x08008a08   0x00000014   Code   RO         1424    .text.xTaskGetTickCount  tasks.o
    0x08008a1c   0x08008a1c   0x000001c4   Code   RO         1422    .text.xTaskIncrementTick  tasks.o
    0x08008be0   0x08008be0   0x000000ec   Code   RO         1472    .text.xTaskPriorityDisinherit  tasks.o
    0x08008ccc   0x08008ccc   0x000000ce   Code   RO         1444    .text.xTaskRemoveFromEventList  tasks.o
    0x08008d9a   0x08008d9a   0x00000002   PAD
    0x08008d9c   0x08008d9c   0x00000186   Code   RO         1394    .text.xTaskResumeAll  tasks.o
    0x08008f22   0x08008f22   0x00000002   PAD
    0x08008f24   0x08008f24   0x00000094   Code   RO         1527    .text.xTimerCreateTimerTask  timers.o
    0x08008fb8   0x08008fb8   0x000000b0   Code   RO         1539    .text.xTimerGenericCommand  timers.o
    0x08009068   0x08009068   0x00000062   Code   RO         2055    x$fpl$d2f           fz_wm.l(d2f.o)
    0x080090ca   0x080090ca   0x00000018   Code   RO         2112    x$fpl$dcmpinf       fz_wm.l(dcmpi.o)
    0x080090e2   0x080090e2   0x00000002   PAD
    0x080090e4   0x080090e4   0x000002b4   Code   RO         2060    x$fpl$ddiv          fz_wm.l(ddiv.o)
    0x08009398   0x08009398   0x00000078   Code   RO         2080    x$fpl$deqf          fz_wm.l(deqf.o)
    0x08009410   0x08009410   0x0000002e   Code   RO         2064    x$fpl$dflt          fz_wm.l(dflt_clz.o)
    0x0800943e   0x0800943e   0x00000002   PAD
    0x08009440   0x08009440   0x00000078   Code   RO         2082    x$fpl$dgeqf         fz_wm.l(dgeqf.o)
    0x080094b8   0x080094b8   0x00000078   Code   RO         2084    x$fpl$dleqf         fz_wm.l(dleqf.o)
    0x08009530   0x08009530   0x00000154   Code   RO         2069    x$fpl$dmul          fz_wm.l(dmul.o)
    0x08009684   0x08009684   0x0000009c   Code   RO         2086    x$fpl$dnaninf       fz_wm.l(dnaninf.o)
    0x08009720   0x08009720   0x0000000c   Code   RO         2088    x$fpl$dretinf       fz_wm.l(dretinf.o)
    0x0800972c   0x0800972c   0x00000056   Code   RO         2071    x$fpl$f2d           fz_wm.l(f2d.o)
    0x08009782   0x08009782   0x00000054   Code   RO         2057    x$fpl$fcmp          fz_wm.l(dcmp.o)
    0x080097d6   0x080097d6   0x0000008c   Code   RO         2090    x$fpl$fnaninf       fz_wm.l(fnaninf.o)
    0x08009862   0x08009862   0x0000001a   Code   RO         2203    x$fpl$fpinit        fz_wm.l(fpinit.o)
    0x0800987c   0x0800987c   0x0000000a   Code   RO         2092    x$fpl$fretinf       fz_wm.l(fretinf.o)
    0x08009886   0x08009886   0x00000000   Code   RO         2094    x$fpl$usenofp       fz_wm.l(usenofp.o)
    0x08009886   0x08009886   0x00000010   Data   RO         1165    .rodata.AHBPrescTable  system_stm32f4xx.o
    0x08009896   0x08009896   0x00000008   Data   RO         1166    .rodata.APBPrescTable  system_stm32f4xx.o
    0x0800989e   0x0800989e   0x00000002   PAD
    0x080098a0   0x080098a0   0x00000024   Data   RO           45    .rodata.CANTansmitTask_attributes  freertos.o
    0x080098c4   0x080098c4   0x00000024   Data   RO           46    .rodata.DJIProcessTask_attributes  freertos.o
    0x080098e8   0x080098e8   0x00000008   Data   RO          459    .rodata.DMA_CalcBaseAndBitshift.flagBitshiftOffset  stm32f4xx_hal_dma.o
    0x080098f0   0x080098f0   0x00000024   Data   RO           44    .rodata.ZDriveProcessTa_attributes  freertos.o
    0x08009914   0x08009914   0x00000001   Data   RO         1947    .rodata.s_empty_data  zdrive.o
    0x08009915   0x08009915   0x0000002e   Data   RO           43    .rodata.str1.1      freertos.o
    0x08009943   0x08009943   0x00000005   Data   RO         1512    .rodata.str1.1      tasks.o
    0x08009948   0x08009948   0x0000000d   Data   RO         1582    .rodata.str1.1      timers.o
    0x08009955   0x08009955   0x00000003   PAD
    0x08009958   0x08009958   0x00000020   Data   RO         2264    Region$$Table       anon$$obj.o


    Execution Region RW_IRAM1 (Exec base: 0x20000000, Load base: 0x08009978, Size: 0x00005c08, Max: 0x0001c000, ABSOLUTE)

    Exec Addr    Load Addr    Size         Type   Attr      Idx    E Section Name        Object

    0x20000000   0x08009978   0x00000078   Data   RW         2002    .data.DJI           djidrive.o
    0x20000078   0x080099f0   0x00000004   Data   RW         1164    .data.SystemCoreClock  system_stm32f4xx.o
    0x2000007c   0x080099f4   0x00000001   Data   RW          659    .data.uwTickFreq    stm32f4xx_hal.o
    0x2000007d   0x080099f5   0x00000003   PAD
    0x20000080   0x080099f8   0x00000004   Data   RW          658    .data.uwTickPrio    stm32f4xx_hal.o
    0x20000084   0x080099fc   0x00000004   Data   RW         1836    .data.uxCriticalNesting  port.o
    0x20000088        -       0x00000060   Zero   RW         2129    .bss                c_w.l(libspace.o)
    0x200000e8        -       0x00000004   Zero   RW           48    .bss.CANTansmitTaskHandle  freertos.o
    0x200000ec        -       0x00000004   Zero   RW           49    .bss.DJIProcessTaskHandle  freertos.o
    0x200000f0        -       0x00000008   Zero   RW         2001    .bss.ESC_Data       djidrive.o
    0x200000f8        -       0x00000002   Zero   RW         2004    .bss.Get_MotorVal_Feedback.count  djidrive.o
    0x200000fa   0x08009a00   0x00000002   PAD
    0x200000fc        -       0x00000004   Zero   RW           67    .bss.HAL_RCC_CAN1_CLK_ENABLED  can.o
    0x20000100        -       0x00000004   Zero   RW         1764    .bss.KernelState    cmsis_os2.o
    0x20000104        -       0x00000008   Zero   RW         1866    .bss.RxData0        can_transmit.o
    0x2000010c        -       0x00000008   Zero   RW         1868    .bss.RxData1        can_transmit.o
    0x20000114        -       0x0000001c   Zero   RW         1865    .bss.RxHeader0      can_transmit.o
    0x20000130        -       0x0000001c   Zero   RW         1867    .bss.RxHeader1      can_transmit.o
    0x2000014c        -       0x00000004   Zero   RW         1894    .bss.TIM_PeriodElapsedCallback.time_count  tim_exit.o
    0x20000150        -       0x00000004   Zero   RW           47    .bss.ZDriveProcessTaHandle  freertos.o
    0x20000154        -       0x00000258   Zero   RW         1945    .bss.Zmotor         zdrive.o
    0x200003ac        -       0x00000028   Zero   RW           65    .bss.hcan1          can.o
    0x200003d4        -       0x00000028   Zero   RW           66    .bss.hcan2          can.o
    0x200003fc        -       0x00000060   Zero   RW          106    .bss.hdma_usart1_rx  usart.o
    0x2000045c        -       0x00000060   Zero   RW          107    .bss.hdma_usart1_tx  usart.o
    0x200004bc        -       0x00000048   Zero   RW          168    .bss.htim1          stm32f4xx_hal_timebase_tim.o
    0x20000504        -       0x00000048   Zero   RW           91    .bss.htim3          tim.o
    0x2000054c        -       0x00000048   Zero   RW          105    .bss.huart1         usart.o
    0x20000594        -       0x00000001   Zero   RW         1971    .bss.key_press_flag  gpio_exit.o
    0x20000595   0x08009a00   0x00000003   PAD
    0x20000598        -       0x00000004   Zero   RW         1970    .bss.key_press_tick  gpio_exit.o
    0x2000059c        -       0x0000000c   Zero   RW         2003    .bss.motor_feedback  djidrive.o
    0x200005a8        -       0x000000a0   Zero   RW         1590    .bss.prvCheckForValidListAndQueue.ucStaticTimerQueueStorage  timers.o
    0x20000648        -       0x00000050   Zero   RW         1589    .bss.prvCheckForValidListAndQueue.xStaticTimerQueue  timers.o
    0x20000698        -       0x00000004   Zero   RW         1586    .bss.prvSampleTimeNow.xLastTime  timers.o
    0x2000069c        -       0x00000004   Zero   RW         1498    .bss.pxCurrentTCB   tasks.o
    0x200006a0        -       0x00000004   Zero   RW         1584    .bss.pxCurrentTimerList  timers.o
    0x200006a4        -       0x00000004   Zero   RW         1506    .bss.pxDelayedTaskList  tasks.o
    0x200006a8        -       0x00000004   Zero   RW         1793    .bss.pxEnd          heap_4.o
    0x200006ac        -       0x00000004   Zero   RW         1507    .bss.pxOverflowDelayedTaskList  tasks.o
    0x200006b0        -       0x00000004   Zero   RW         1585    .bss.pxOverflowTimerList  timers.o
    0x200006b4        -       0x00000460   Zero   RW         1509    .bss.pxReadyTasksLists  tasks.o
    0x20000b14        -       0x00000005   Zero   RW         1882    .bss.rx_buffer      uart_transmit.o
    0x20000b19   0x08009a00   0x00000003   PAD
    0x20000b1c        -       0x00000104   Zero   RW         1946    .bss.send_queue     zdrive.o
    0x20000c20        -       0x00003c00   Zero   RW         1800    .bss.ucHeap         heap_4.o
    0x20004820        -       0x00000001   Zero   RW         1834    .bss.ucMaxSysCallPriority  port.o
    0x20004821   0x08009a00   0x00000003   PAD
    0x20004824        -       0x00000004   Zero   RW         1835    .bss.ulMaxPRIGROUPValue  port.o
    0x20004828        -       0x00000004   Zero   RW          660    .bss.uwTick         stm32f4xx_hal.o
    0x2000482c        -       0x00000004   Zero   RW         1502    .bss.uxCurrentNumberOfTasks  tasks.o
    0x20004830        -       0x00000004   Zero   RW         1501    .bss.uxDeletedTasksWaitingCleanUp  tasks.o
    0x20004834        -       0x00000004   Zero   RW         1504    .bss.uxSchedulerSuspended  tasks.o
    0x20004838        -       0x00000004   Zero   RW         1499    .bss.uxTaskNumber   tasks.o
    0x2000483c        -       0x00000004   Zero   RW         1510    .bss.uxTopReadyPriority  tasks.o
    0x20004840        -       0x00000200   Zero   RW         1767    .bss.vApplicationGetIdleTaskMemory.Idle_Stack  cmsis_os2.o
    0x20004a40        -       0x0000005c   Zero   RW         1766    .bss.vApplicationGetIdleTaskMemory.Idle_TCB  cmsis_os2.o
    0x20004a9c        -       0x00000400   Zero   RW         1769    .bss.vApplicationGetTimerTaskMemory.Timer_Stack  cmsis_os2.o
    0x20004e9c        -       0x0000005c   Zero   RW         1768    .bss.vApplicationGetTimerTaskMemory.Timer_TCB  cmsis_os2.o
    0x20004ef8        -       0x00000014   Zero   RW         1587    .bss.xActiveTimerList1  timers.o
    0x20004f0c        -       0x00000014   Zero   RW         1588    .bss.xActiveTimerList2  timers.o
    0x20004f20        -       0x00000004   Zero   RW         1794    .bss.xBlockAllocatedBit  heap_4.o
    0x20004f24        -       0x00000014   Zero   RW         1518    .bss.xDelayedTaskList1  tasks.o
    0x20004f38        -       0x00000014   Zero   RW         1519    .bss.xDelayedTaskList2  tasks.o
    0x20004f4c        -       0x00000004   Zero   RW         1795    .bss.xFreeBytesRemaining  heap_4.o
    0x20004f50        -       0x00000004   Zero   RW         1513    .bss.xIdleTaskHandle  tasks.o
    0x20004f54        -       0x00000004   Zero   RW         1797    .bss.xMinimumEverFreeBytesRemaining  heap_4.o
    0x20004f58        -       0x00000004   Zero   RW         1514    .bss.xNextTaskUnblockTime  tasks.o
    0x20004f5c        -       0x00000004   Zero   RW         1517    .bss.xNumOfOverflows  tasks.o
    0x20004f60        -       0x00000004   Zero   RW         1798    .bss.xNumberOfSuccessfulAllocations  heap_4.o
    0x20004f64        -       0x00000004   Zero   RW         1799    .bss.xNumberOfSuccessfulFrees  heap_4.o
    0x20004f68        -       0x00000004   Zero   RW         1516    .bss.xPendedTicks   tasks.o
    0x20004f6c        -       0x00000014   Zero   RW         1511    .bss.xPendingReadyList  tasks.o
    0x20004f80        -       0x00000040   Zero   RW         1309    .bss.xQueueRegistry  queue.o
    0x20004fc0        -       0x00000004   Zero   RW         1503    .bss.xSchedulerRunning  tasks.o
    0x20004fc4        -       0x00000008   Zero   RW         1796    .bss.xStart         heap_4.o
    0x20004fcc        -       0x00000014   Zero   RW         1508    .bss.xSuspendedTaskList  tasks.o
    0x20004fe0        -       0x00000014   Zero   RW         1500    .bss.xTasksWaitingTermination  tasks.o
    0x20004ff4        -       0x00000004   Zero   RW         1505    .bss.xTickCount     tasks.o
    0x20004ff8        -       0x00000004   Zero   RW         1581    .bss.xTimerQueue    timers.o
    0x20004ffc        -       0x00000004   Zero   RW         1583    .bss.xTimerTaskHandle  timers.o
    0x20005000        -       0x00000004   Zero   RW         1515    .bss.xYieldPending  tasks.o
    0x20005004   0x08009a00   0x00000004   PAD
    0x20005008        -       0x00000800   Zero   RW            2    HEAP                startup_stm32f405xx.o
    0x20005808        -       0x00000400   Zero   RW            1    STACK               startup_stm32f405xx.o


    Execution Region RW_IRAM2 (Exec base: 0x2001c000, Load base: 0x08009a00, Size: 0x00000000, Max: 0x00004000, ABSOLUTE)

    **** No section assigned to this execution region ****


==============================================================================

Image component sizes


      Code (inc. data)   RO Data    RW Data    ZI Data      Debug   Object Name

       734          0          0          0         84       6818   can.o
       428          0          0          0         72       3714   can_transmit.o
       694          0          0          0       1724      34871   cmsis_os2.o
       688         28          0        120         22       2883   djidrive.o
        82          0          0          0          0       3228   dma.o
       106          0        154          0         12       3008   freertos.o
       254          0          0          0          0       3932   gpio.o
        52          0          0          0          5        744   gpio_exit.o
      1084          0          0          0      15392       4404   heap_4.o
       296          0          0          0          0       2204   list.o
       290          0          0          0          0       5704   main.o
       294         12          0          0          0       1241   myostask.o
       352          0          0          0          0       1129   pid.o
      1128         16          0          4          5       3816   port.o
      2604          0          0          0         64      17218   queue.o
        64         26        392          0       3072        844   startup_stm32f405xx.o
        92          0          0          5          4       7048   stm32f4xx_hal.o
      3082          0          0          0          0      11478   stm32f4xx_hal_can.o
       384          0          0          0          0       9628   stm32f4xx_hal_cortex.o
      2068          8          8          0          0       8457   stm32f4xx_hal_dma.o
      1052          0          0          0          0       5085   stm32f4xx_hal_gpio.o
        88          0          0          0          0       3294   stm32f4xx_hal_msp.o
      2730          0          0          0          0       7582   stm32f4xx_hal_rcc.o
      3406         14          0          0          0      35822   stm32f4xx_hal_tim.o
       306          0          0          0          0      15248   stm32f4xx_hal_tim_ex.o
       218          0          0          0         72       6982   stm32f4xx_hal_timebase_tim.o
      3304          0          0          0          0      20303   stm32f4xx_hal_uart.o
       178          0          0          0          0       1879   stm32f4xx_it.o
        18          0         24          4          0       2496   system_stm32f4xx.o
      4084          0          5          0       1280      24029   tasks.o
       428          0          0          0         72       7832   tim.o
        64          0          0          0          4       3792   tim_exit.o
      1692         10         13          0        300      11523   timers.o
       166          0          0          0          5       4028   uart_transmit.o
       448          0          0          0        264       6863   usart.o
      2560        170          1          0        860       8901   zdrive.o

    ----------------------------------------------------------------------
     35720        284        634        136      23328     298028   Object Totals
         0          0         32          0          0          0   (incl. Generated)
       202          0          5          3         15          0   (incl. Padding)

    ----------------------------------------------------------------------

      Code (inc. data)   RO Data    RW Data    ZI Data      Debug   Library Member Name

         8          0          0          0          0         68   __main.o
         0          0          0          0          0          0   __rtentry.o
        12          0          0          0          0          0   __rtentry2.o
         6          0          0          0          0          0   __rtentry4.o
        52          8          0          0          0          0   __scatter.o
        26          0          0          0          0          0   __scatter_copy.o
        28          0          0          0          0          0   __scatter_zi.o
        16          0          0          0          0         68   aeabi_memset4.o
        18          0          0          0          0         80   exit.o
         6          0          0          0          0        152   heapauxi.o
         0          0          0          0          0          0   indicate_semi.o
         2          0          0          0          0          0   libinit.o
         6          0          0          0          0          0   libinit2.o
         2          0          0          0          0          0   libshutdown.o
         2          0          0          0          0          0   libshutdown2.o
         8          4          0          0         96         68   libspace.o
       240          0          0          0          0        100   lludivv7m.o
        78          0          0          0          0         80   rt_memclr_w.o
       138          0          0          0          0         68   rt_memcpy_v6.o
       100          0          0          0          0         80   rt_memcpy_w.o
         2          0          0          0          0          0   rtexit.o
        10          0          0          0          0          0   rtexit2.o
        12          4          0          0          0         68   sys_exit.o
        74          0          0          0          0         80   sys_stackheap_outer.o
         2          0          0          0          0         68   use_no_semi.o
        98          4          0          0          0        140   d2f.o
        84          0          0          0          0        244   dcmp.o
        24          0          0          0          0        116   dcmpi.o
       692        140          0          0          0        264   ddiv.o
       120          4          0          0          0        140   deqf.o
        46          0          0          0          0        116   dflt_clz.o
       120          4          0          0          0        140   dgeqf.o
       120          4          0          0          0        140   dleqf.o
       340         12          0          0          0        152   dmul.o
       156          4          0          0          0        140   dnaninf.o
        12          0          0          0          0        116   dretinf.o
        86          4          0          0          0        132   f2d.o
       140          4          0          0          0        132   fnaninf.o
        26          0          0          0          0        116   fpinit.o
        10          0          0          0          0        116   fretinf.o
         0          0          0          0          0          0   usenofp.o

    ----------------------------------------------------------------------
      2934        196          0          0         96       3184   Library Totals
        12          0          0          0          0          0   (incl. Padding)

    ----------------------------------------------------------------------

      Code (inc. data)   RO Data    RW Data    ZI Data      Debug   Library Name

       848         16          0          0         96        980   c_w.l
      2074        180          0          0          0       2204   fz_wm.l

    ----------------------------------------------------------------------
      2934        196          0          0         96       3184   Library Totals

    ----------------------------------------------------------------------

==============================================================================


      Code (inc. data)   RO Data    RW Data    ZI Data      Debug   

     38654        480        634        136      23424     298716   Grand Totals
     38654        480        634        136      23424     298716   ELF Image Totals
     38654        480        634        136          0          0   ROM Totals

==============================================================================

    Total RO  Size (Code + RO Data)                39288 (  38.37kB)
    Total RW  Size (RW Data + ZI Data)             23560 (  23.01kB)
    Total ROM Size (Code + RO Data + RW Data)      39424 (  38.50kB)

==============================================================================

