*** Using Compiler 'V6.18', folder: 'D:\Keil5\ARM\ARMCLANG\Bin'
Rebuild target 'cube_exercise'
compiling stm32f4xx_hal_msp.c...
compiling stm32f4xx_hal_flash.c...
compiling freertos.c...
compiling stm32f4xx_hal_timebase_tim.c...
compiling stm32f4xx_it.c...
compiling usart.c...
compiling dma.c...
compiling tim.c...
compiling stm32f4xx_hal_rcc_ex.c...
assembling startup_stm32f405xx.s...
../Core/Src/main.c(192): warning: implicit declaration of function 'TIM_PeriodElapsedCallback' is invalid in C99 [-Wimplicit-function-declaration]
  TIM_PeriodElapsedCallback(htim);
  ^
1 warning generated.
compiling main.c...
compiling can.c...
compiling gpio.c...
compiling stm32f4xx_hal_rcc.c...
compiling stm32f4xx_hal_can.c...
compiling stm32f4xx_hal_flash_ramfunc.c...
compiling stm32f4xx_hal_flash_ex.c...
compiling stm32f4xx_hal_gpio.c...
compiling stm32f4xx_hal_pwr.c...
compiling stm32f4xx_hal_dma.c...
compiling stm32f4xx_hal_dma_ex.c...
compiling stm32f4xx_hal_pwr_ex.c...
compiling stm32f4xx_hal_cortex.c...
compiling stm32f4xx_hal.c...
compiling stm32f4xx_hal_exti.c...
compiling croutine.c...
compiling system_stm32f4xx.c...
compiling list.c...
compiling event_groups.c...
compiling stm32f4xx_hal_tim_ex.c...
compiling stm32f4xx_hal_uart.c...
compiling stream_buffer.c...
compiling queue.c...
compiling timers.c...
compiling port.c...
compiling heap_4.c...
compiling stm32f4xx_hal_tim.c...
compiling tasks.c...
compiling uart_transmit.c...
compiling myostask.c...
../hardware/Src/can_transmit.c(34): warning: implicitly declaring library function 'memcpy' with type 'void *(void *, const void *, unsigned int)' [-Wimplicit-function-declaration]
    memcpy(TxData,send_queue.TxBuffer[send_queue.head].TxData,sizeof(send_queue.TxBuffer[send_queue.head]));
    ^
../hardware/Src/can_transmit.c(34): note: include the header <string.h> or explicitly provide a declaration for 'memcpy'
../hardware/Src/can_transmit.c(34): warning: 'memcpy' will always overflow; destination buffer has size 8, but size argument is 32 [-Wfortify-source]
    memcpy(TxData,send_queue.TxBuffer[send_queue.head].TxData,sizeof(send_queue.TxBuffer[send_queue.head]));
    ^
2 warnings generated.
compiling can_transmit.c...
compiling tim_exit.c...
compiling cmsis_os2.c...
compiling motor_config.c...
compiling pid.c...
../hardware/Src/ZDrive.c(56): warning: implicitly declaring library function 'memcpy' with type 'void *(void *, const void *, unsigned int)' [-Wimplicit-function-declaration]
        memcpy(send_queue->TxBuffer[send_queue->tail].TxData,data,sizeof(data));
        ^
../hardware/Src/ZDrive.c(56): note: include the header <string.h> or explicitly provide a declaration for 'memcpy'
../hardware/Src/ZDrive.c(56): warning: 'memcpy' call operates on objects of type 'uint8_t' (aka 'unsigned char') while the size is based on a different type 'uint8_t *' (aka 'unsigned char *') [-Wsizeof-pointer-memaccess]
        memcpy(send_queue->TxBuffer[send_queue->tail].TxData,data,sizeof(data));
                                                             ~~~~        ^~~~
../hardware/Src/ZDrive.c(56): note: did you mean to provide an explicit length?
        memcpy(send_queue->TxBuffer[send_queue->tail].TxData,data,sizeof(data));
                                                                         ^~~~
../hardware/Src/ZDrive.c(258): warning: incompatible pointer types passing 'uint8_t (*)[8]' (aka 'unsigned char (*)[8]') to parameter of type 'uint8_t *' (aka 'unsigned char *') [-Wincompatible-pointer-types]
    EnQueue(&send_queue,(id | ((uint32_t)PVT_Frame << 4U)), 8U,&data);
                                                               ^~~~~
../hardware/Src/ZDrive.c(50): note: passing argument to parameter 'data' here
void EnQueue(CAN_Send_Queue* send_queue,uint8_t id, uint8_t length,uint8_t* data)
                                                                            ^
../hardware/Src/ZDrive.c(277): warning: incompatible pointer types passing 'uint8_t (*)[8]' (aka 'unsigned char (*)[8]') to parameter of type 'uint8_t *' (aka 'unsigned char *') [-Wincompatible-pointer-types]
    EnQueue(&send_queue,(id | ((uint32_t)PVT_Frame << 4U)), 8U,&data);
                                                               ^~~~~
../hardware/Src/ZDrive.c(50): note: passing argument to parameter 'data' here
void EnQueue(CAN_Send_Queue* send_queue,uint8_t id, uint8_t length,uint8_t* data)
                                                                            ^
../hardware/Src/ZDrive.c(292): warning: incompatible pointer types passing 'uint8_t (*)[8]' (aka 'unsigned char (*)[8]') to parameter of type 'uint8_t *' (aka 'unsigned char *') [-Wincompatible-pointer-types]
    EnQueue(&send_queue,(id | ((uint32_t)Vel_Limit << 4U)), 4U,&data);
                                                               ^~~~~
../hardware/Src/ZDrive.c(50): note: passing argument to parameter 'data' here
void EnQueue(CAN_Send_Queue* send_queue,uint8_t id, uint8_t length,uint8_t* data)
                                                                            ^
../hardware/Src/ZDrive.c(330): warning: passing 'const uint8_t *' (aka 'const unsigned char *') to parameter of type 'uint8_t *' (aka 'unsigned char *') discards qualifiers [-Wincompatible-pointer-types-discards-qualifiers]
    EnQueue(&send_queue,(id | ((uint32_t)Vel_Limit << 4U)), 4U, (const uint8_t *)&vel);
                                                                ^~~~~~~~~~~~~~~~~~~~~
../hardware/Src/ZDrive.c(50): note: passing argument to parameter 'data' here
void EnQueue(CAN_Send_Queue* send_queue,uint8_t id, uint8_t length,uint8_t* data)
                                                                            ^
../hardware/Src/ZDrive.c(399): warning: implicitly declaring library function 'fabs' with type 'double (double)' [-Wimplicit-function-declaration]
        if (fabs(motor->valSetNow.speed_rpm - motor->valSetPre.speed_rpm) > 0.1f)
            ^
../hardware/Src/ZDrive.c(399): note: include the header <math.h> or explicitly provide a declaration for 'fabs'
../hardware/Src/ZDrive.c(474): warning: comparison of function 'isQueueEmpty' equal to a null pointer is always false [-Wtautological-pointer-compare]
    while(isQueueEmpty==false)
          ^~~~~~~~~~~~  ~~~~~
../hardware/Src/ZDrive.c(474): note: prefix with the address-of operator to silence this warning
    while(isQueueEmpty==false)
          ^
          &
../hardware/Src/ZDrive.c(482): warning: comparison of function 'isQueueEmpty' equal to a null pointer is always false [-Wtautological-pointer-compare]
    while(isQueueEmpty==false)
          ^~~~~~~~~~~~  ~~~~~
../hardware/Src/ZDrive.c(482): note: prefix with the address-of operator to silence this warning
    while(isQueueEmpty==false)
          ^
          &
9 warnings generated.
compiling ZDrive.c...
linking...
Program Size: Code=33908 RO-data=712 RW-data=16 ZI-data=23320  
FromELF: creating hex file...
"cube_exercise\cube_exercise.axf" - 0 Error(s), 12 Warning(s).
Build Time Elapsed:  00:00:02
